ARM Linker, 5.03 [Build 76] [MDK-ARM Lite]

==============================================================================

Section Cross References

    sam7.o(RESET) refers to sam7.o(STACK) for Stack_Top
    sam7.o(RESET) refers to entry.o(.ARM.Collect$$$$00000000) for __main
    blinky.o(.text) refers to adc.o(.text) for InitADC
    blinky.o(.text) refers to pwm.o(.text) for InitPWM
    blinky.o(.text) refers to f2d.o(.text) for __aeabi_f2d
    blinky.o(.text) refers to dadd.o(.text) for __aeabi_dadd
    blinky.o(.text) refers to d2f.o(.text) for __aeabi_d2f
    blinky.o(.text) refers to sin.o(i.sin) for sin
    blinky.o(.text) refers to fadd.o(.text) for __aeabi_fadd
    blinky.o(.text) refers to fmul.o(.text) for __aeabi_fmul
    blinky.o(.text) refers to ffixui.o(.text) for __aeabi_f2uiz
    adc.o(.text) refers to adc.o(.data) for .data
    pwm.o(.text) refers to pwm.o(.data) for .data
    sin.o(i.__softfp_sin) refers (Special) to iusefp.o(.text) for __I$use$fp
    sin.o(i.__softfp_sin) refers to sin.o(i.sin) for sin
    sin.o(i.sin) refers (Special) to iusefp.o(.text) for __I$use$fp
    sin.o(i.sin) refers to errno.o(i.__set_errno) for __set_errno
    sin.o(i.sin) refers to ddiv.o(.text) for __aeabi_ddiv
    sin.o(i.sin) refers to dscalb.o(.text) for __ARM_scalbn
    sin.o(i.sin) refers to rred.o(i.__ieee754_rem_pio2) for __ieee754_rem_pio2
    sin.o(i.sin) refers to cos_i.o(i.__kernel_cos) for __kernel_cos
    sin.o(i.sin) refers to sin_i.o(i.__kernel_sin) for __kernel_sin
    sin_x.o(i.____softfp_sin$lsc) refers (Special) to iusefp.o(.text) for __I$use$fp
    sin_x.o(i.____softfp_sin$lsc) refers to sin_x.o(i.__sin$lsc) for __sin$lsc
    sin_x.o(i.__sin$lsc) refers (Special) to iusefp.o(.text) for __I$use$fp
    sin_x.o(i.__sin$lsc) refers to errno.o(i.__set_errno) for __set_errno
    sin_x.o(i.__sin$lsc) refers to dscalb.o(.text) for __ARM_scalbn
    sin_x.o(i.__sin$lsc) refers to rred.o(i.__ieee754_rem_pio2) for __ieee754_rem_pio2
    sin_x.o(i.__sin$lsc) refers to cos_i.o(i.__kernel_cos) for __kernel_cos
    sin_x.o(i.__sin$lsc) refers to sin_i.o(i.__kernel_sin) for __kernel_sin
    entry.o(.ARM.Collect$$$$00000000) refers (Special) to entry10a.o(.ARM.Collect$$$$0000000D) for __rt_final_cpp
    entry.o(.ARM.Collect$$$$00000000) refers (Special) to entry11a.o(.ARM.Collect$$$$0000000F) for __rt_final_exit
    entry.o(.ARM.Collect$$$$00000000) refers (Special) to entry7b.o(.ARM.Collect$$$$00000008) for _main_clock
    entry.o(.ARM.Collect$$$$00000000) refers (Special) to entry8b.o(.ARM.Collect$$$$0000000A) for _main_cpp_init
    entry.o(.ARM.Collect$$$$00000000) refers (Special) to entry9a.o(.ARM.Collect$$$$0000000B) for _main_init
    entry.o(.ARM.Collect$$$$00000000) refers (Special) to entry5.o(.ARM.Collect$$$$00000004) for _main_scatterload
    entry.o(.ARM.Collect$$$$00000000) refers (Special) to entry2.o(.ARM.Collect$$$$00000001) for _main_stk
    fadd.o(.text) refers (Special) to iusefp.o(.text) for __I$use$fp
    fadd.o(.text) refers to fepilogue.o(.text) for _float_epilogue
    fmul.o(.text) refers (Special) to iusefp.o(.text) for __I$use$fp
    dadd.o(.text) refers (Special) to iusefp.o(.text) for __I$use$fp
    dadd.o(.text) refers to llshl.o(.text) for __aeabi_llsl
    dadd.o(.text) refers to llsshr.o(.text) for __aeabi_lasr
    dadd.o(.text) refers to depilogue.o(.text) for _double_epilogue
    ffixui.o(.text) refers (Special) to iusefp.o(.text) for __I$use$fp
    f2d.o(.text) refers (Special) to iusefp.o(.text) for __I$use$fp
    d2f.o(.text) refers (Special) to iusefp.o(.text) for __I$use$fp
    d2f.o(.text) refers to fepilogue.o(.text) for _float_round
    cos_i.o(i.__kernel_cos) refers (Special) to iusefp.o(.text) for __I$use$fp
    cos_i.o(i.__kernel_cos) refers to dfixi.o(.text) for __aeabi_d2iz
    cos_i.o(i.__kernel_cos) refers to dmul.o(.text) for __aeabi_dmul
    cos_i.o(i.__kernel_cos) refers to poly.o(i.__kernel_poly) for __kernel_poly
    cos_i.o(i.__kernel_cos) refers to dadd.o(.text) for __aeabi_dsub
    cos_i.o(i.__kernel_cos) refers to dscalb.o(.text) for __ARM_scalbn
    cos_i.o(i.__kernel_cos) refers to cos_i.o(.constdata) for .constdata
    cos_i.o(.constdata) refers (Special) to iusefp.o(.text) for __I$use$fp
    rred.o(i.__ieee754_rem_pio2) refers (Special) to iusefp.o(.text) for __I$use$fp
    rred.o(i.__ieee754_rem_pio2) refers to dadd.o(.text) for __aeabi_dsub
    rred.o(i.__ieee754_rem_pio2) refers to dmul.o(.text) for __aeabi_dmul
    rred.o(i.__ieee754_rem_pio2) refers to dfixi.o(.text) for __aeabi_d2iz
    rred.o(i.__ieee754_rem_pio2) refers to dflti.o(.text) for __aeabi_i2d
    rred.o(i.__ieee754_rem_pio2) refers to dfltui.o(.text) for __aeabi_ui2d
    rred.o(i.__ieee754_rem_pio2) refers to dscalb.o(.text) for __ARM_scalbn
    rred.o(i.__ieee754_rem_pio2) refers to rred.o(.constdata) for .constdata
    rred.o(i.__use_accurate_range_reduction) refers (Special) to iusefp.o(.text) for __I$use$fp
    rred.o(.constdata) refers (Special) to iusefp.o(.text) for __I$use$fp
    sin_i.o(i.__kernel_sin) refers (Special) to iusefp.o(.text) for __I$use$fp
    sin_i.o(i.__kernel_sin) refers to fpclassify.o(i.__ARM_fpclassify) for __ARM_fpclassify
    sin_i.o(i.__kernel_sin) refers to dunder.o(i.__mathlib_dbl_underflow) for __mathlib_dbl_underflow
    sin_i.o(i.__kernel_sin) refers to dmul.o(.text) for __aeabi_dmul
    sin_i.o(i.__kernel_sin) refers to poly.o(i.__kernel_poly) for __kernel_poly
    sin_i.o(i.__kernel_sin) refers to dscalb.o(.text) for __ARM_scalbn
    sin_i.o(i.__kernel_sin) refers to dadd.o(.text) for __aeabi_dsub
    sin_i.o(i.__kernel_sin) refers to sin_i.o(.constdata) for .constdata
    sin_i.o(.constdata) refers (Special) to iusefp.o(.text) for __I$use$fp
    sin_i_x.o(i.____kernel_sin$lsc) refers (Special) to iusefp.o(.text) for __I$use$fp
    sin_i_x.o(i.____kernel_sin$lsc) refers to dmul.o(.text) for __aeabi_dmul
    sin_i_x.o(i.____kernel_sin$lsc) refers to poly.o(i.__kernel_poly) for __kernel_poly
    sin_i_x.o(i.____kernel_sin$lsc) refers to dscalb.o(.text) for __ARM_scalbn
    sin_i_x.o(i.____kernel_sin$lsc) refers to dadd.o(.text) for __aeabi_dsub
    sin_i_x.o(i.____kernel_sin$lsc) refers to sin_i_x.o(.constdata) for .constdata
    sin_i_x.o(.constdata) refers (Special) to iusefp.o(.text) for __I$use$fp
    entry2.o(.ARM.Collect$$$$00000001) refers to entry2.o(.ARM.Collect$$$$00002712) for __lit__00000000
    entry2.o(.ARM.Collect$$$$00002712) refers to sam7.o(STACK) for __initial_sp
    entry5.o(.ARM.Collect$$$$00000004) refers to init.o(.text) for __scatterload
    entry9a.o(.ARM.Collect$$$$0000000B) refers to blinky.o(.text) for main
    entry9b.o(.ARM.Collect$$$$0000000C) refers to blinky.o(.text) for main
    errno.o(i.__aeabi_errno_addr) refers to errno.o(.data) for .data
    errno.o(i.__read_errno) refers to errno.o(.data) for .data
    errno.o(i.__set_errno) refers to errno.o(.data) for .data
    depilogue.o(.text) refers to depilogue.o(i.__ARM_clz) for __ARM_clz
    depilogue.o(.text) refers to llshl.o(.text) for __aeabi_llsl
    depilogue.o(.text) refers to llushr.o(.text) for __aeabi_llsr
    ddiv.o(.text) refers to depilogue.o(.text) for _double_round
    dunder.o(i.__mathlib_dbl_underflow) refers to dscalb.o(.text) for __ARM_scalbn
    fpclassify.o(i.__ARM_fpclassify) refers (Special) to iusefp.o(.text) for __I$use$fp
    poly.o(i.__kernel_poly) refers (Special) to iusefp.o(.text) for __I$use$fp
    poly.o(i.__kernel_poly) refers to dmul.o(.text) for __aeabi_dmul
    poly.o(i.__kernel_poly) refers to dadd.o(.text) for __aeabi_dadd
    init.o(.text) refers to init.o(i.__ARM_common_call_via_r3) for __ARM_common_call_via_r3
    init.o(.text) refers to entry5.o(.ARM.Collect$$$$00000004) for __main_after_scatterload
    dmul.o(.text) refers to depilogue.o(.text) for _double_epilogue
    dflti.o(.text) refers to depilogue.o(.text) for _double_epilogue
    dfltui.o(.text) refers to depilogue.o(.text) for _double_epilogue
    dfixi.o(.text) refers to llushr.o(.text) for __aeabi_llsr


==============================================================================

Removing Unused input sections from the image.

    Removing sam7.o(HEAP), (0 bytes).
    Removing retarget.o(.text), (4 bytes).
    Removing pwm.o(.data), (4 bytes).

3 unused section(s) (total 8 bytes) removed from the image.

==============================================================================

Adding Veneers to the image

    Adding AT veneer (8 bytes, Inline) for call to '__aeabi_fadd' from blinky.o(.text).
    Adding AT veneer (8 bytes, Inline) for call to '__aeabi_fmul' from blinky.o(.text).
    Adding AT veneer (8 bytes, Inline) for call to '__aeabi_dadd' from blinky.o(.text).
    Adding AT veneer (8 bytes, Inline) for call to '__aeabi_f2uiz' from blinky.o(.text).
    Adding AT veneer (8 bytes, Inline) for call to '__aeabi_f2d' from blinky.o(.text).
    Adding AT veneer (8 bytes, Inline) for call to '__aeabi_d2f' from blinky.o(.text).
    Adding AT veneer (8 bytes, Inline) for call to '__aeabi_ddiv' from sin.o(i.sin).
    Adding AT veneer (8 bytes, Inline) for call to '__ARM_scalbn' from rred.o(i.__ieee754_rem_pio2).
    Adding AT veneer (8 bytes, Inline) for call to '__scatterload' from entry5.o(.ARM.Collect$$$$00000004).
    Adding AT veneer (8 bytes, Inline) for call to '__aeabi_dmul' from rred.o(i.__ieee754_rem_pio2).
    Adding AT veneer (8 bytes, Inline) for call to '__aeabi_i2d' from rred.o(i.__ieee754_rem_pio2).
    Adding AT veneer (8 bytes, Inline) for call to '__aeabi_ui2d' from rred.o(i.__ieee754_rem_pio2).
    Adding AT veneer (8 bytes, Inline) for call to '__aeabi_d2iz' from rred.o(i.__ieee754_rem_pio2).
    Adding TA veneer (8 bytes, Short) for call to '__main_after_scatterload' from init.o(.text).
    Adding AT veneer (12 bytes, Long) for call to '__aeabi_dsub' from rred.o(i.__ieee754_rem_pio2).
    Adding AT veneer (12 bytes, Long) for call to '__aeabi_drsub' from rred.o(i.__ieee754_rem_pio2).
    Adding AT veneer (8 bytes, Inline) for call to '__set_errno' from sin.o(i.sin).

17 Veneer(s) (total 144 bytes) added to the image.

==============================================================================

Image Symbol Table

    Local Symbols

    Symbol Name                              Value     Ov Type        Size  Object(Section)

    ../clib/microlib/errno.c                 0x00000000   Number         0  errno.o ABSOLUTE
    ../clib/microlib/init/entry.s            0x00000000   Number         0  entry8a.o ABSOLUTE
    ../clib/microlib/init/entry.s            0x00000000   Number         0  entry8b.o ABSOLUTE
    ../clib/microlib/init/entry.s            0x00000000   Number         0  entry7a.o ABSOLUTE
    ../clib/microlib/init/entry.s            0x00000000   Number         0  entry9a.o ABSOLUTE
    ../clib/microlib/init/entry.s            0x00000000   Number         0  entry.o ABSOLUTE
    ../clib/microlib/init/entry.s            0x00000000   Number         0  entry9b.o ABSOLUTE
    ../clib/microlib/init/entry.s            0x00000000   Number         0  entry10b.o ABSOLUTE
    ../clib/microlib/init/entry.s            0x00000000   Number         0  entry10a.o ABSOLUTE
    ../clib/microlib/init/entry.s            0x00000000   Number         0  entry11a.o ABSOLUTE
    ../clib/microlib/init/entry.s            0x00000000   Number         0  entry11b.o ABSOLUTE
    ../clib/microlib/init/entry.s            0x00000000   Number         0  entry2.o ABSOLUTE
    ../clib/microlib/init/entry.s            0x00000000   Number         0  entry7b.o ABSOLUTE
    ../clib/microlib/init/entry.s            0x00000000   Number         0  entry5.o ABSOLUTE
    ../clib/microlib/longlong.c              0x00000000   Number         0  llsshr.o ABSOLUTE
    ../clib/microlib/longlong.c              0x00000000   Number         0  llshl.o ABSOLUTE
    ../clib/microlib/longlong.c              0x00000000   Number         0  llushr.o ABSOLUTE
    ../clib/microlib/stubs.s                 0x00000000   Number         0  iusefp.o ABSOLUTE
    ../clib/microlib/stubs.s                 0x00000000   Number         0  useno.o ABSOLUTE
    ../fplib/microlib/d2f.c                  0x00000000   Number         0  d2f.o ABSOLUTE
    ../fplib/microlib/f2d.c                  0x00000000   Number         0  f2d.o ABSOLUTE
    ../fplib/microlib/fpadd.c                0x00000000   Number         0  fadd.o ABSOLUTE
    ../fplib/microlib/fpadd.c                0x00000000   Number         0  dadd.o ABSOLUTE
    ../fplib/microlib/fpdiv.c                0x00000000   Number         0  ddiv.o ABSOLUTE
    ../fplib/microlib/fpepilogue.c           0x00000000   Number         0  fepilogue.o ABSOLUTE
    ../fplib/microlib/fpepilogue.c           0x00000000   Number         0  depilogue.o ABSOLUTE
    ../fplib/microlib/fpfix.c                0x00000000   Number         0  dfixi.o ABSOLUTE
    ../fplib/microlib/fpfix.c                0x00000000   Number         0  ffixui.o ABSOLUTE
    ../fplib/microlib/fpflt.c                0x00000000   Number         0  dflti.o ABSOLUTE
    ../fplib/microlib/fpflt.c                0x00000000   Number         0  dfltui.o ABSOLUTE
    ../fplib/microlib/fpmul.c                0x00000000   Number         0  dmul.o ABSOLUTE
    ../fplib/microlib/fpmul.c                0x00000000   Number         0  fmul.o ABSOLUTE
    ../fplib/microlib/fpscalb.c              0x00000000   Number         0  dscalb.o ABSOLUTE
    ../mathlib/cos_i.c                       0x00000000   Number         0  cos_i.o ABSOLUTE
    ../mathlib/dunder.c                      0x00000000   Number         0  dunder.o ABSOLUTE
    ../mathlib/fpclassify.c                  0x00000000   Number         0  fpclassify.o ABSOLUTE
    ../mathlib/poly.c                        0x00000000   Number         0  poly.o ABSOLUTE
    ../mathlib/rred.c                        0x00000000   Number         0  rred.o ABSOLUTE
    ../mathlib/sin.c                         0x00000000   Number         0  sin_x.o ABSOLUTE
    ../mathlib/sin.c                         0x00000000   Number         0  sin.o ABSOLUTE
    ../mathlib/sin_i.c                       0x00000000   Number         0  sin_i.o ABSOLUTE
    ../mathlib/sin_i.c                       0x00000000   Number         0  sin_i_x.o ABSOLUTE
    Blinky.c                                 0x00000000   Number         0  blinky.o ABSOLUTE
    Retarget.c                               0x00000000   Number         0  retarget.o ABSOLUTE
    SAM7.s                                   0x00000000   Number         0  sam7.o ABSOLUTE
    adc.c                                    0x00000000   Number         0  adc.o ABSOLUTE
    dc.s                                     0x00000000   Number         0  dc.o ABSOLUTE
    handlers.s                               0x00000000   Number         0  handlers.o ABSOLUTE
    init.s                                   0x00000000   Number         0  init.o ABSOLUTE
    pwm.c                                    0x00000000   Number         0  pwm.o ABSOLUTE
    RESET                                    0x00100000   Section      328  sam7.o(RESET)
    Undef_Handler                            0x00100040   ARM Code       4  sam7.o(RESET)
    SWI_Handler                              0x00100044   ARM Code       4  sam7.o(RESET)
    PAbt_Handler                             0x00100048   ARM Code       4  sam7.o(RESET)
    DAbt_Handler                             0x0010004c   ARM Code       4  sam7.o(RESET)
    IRQ_Handler                              0x00100050   ARM Code       4  sam7.o(RESET)
    FIQ_Handler                              0x00100054   ARM Code       4  sam7.o(RESET)
    .ARM.Collect$$$$00000000                 0x00100148   Section        0  entry.o(.ARM.Collect$$$$00000000)
    .ARM.Collect$$$$00000001                 0x00100148   Section        4  entry2.o(.ARM.Collect$$$$00000001)
    .ARM.Collect$$$$00000004                 0x0010014c   Section        4  entry5.o(.ARM.Collect$$$$00000004)
    .ARM.Collect$$$$00000008                 0x00100150   Section        0  entry7b.o(.ARM.Collect$$$$00000008)
    .ARM.Collect$$$$0000000A                 0x00100150   Section        0  entry8b.o(.ARM.Collect$$$$0000000A)
    .ARM.Collect$$$$0000000B                 0x00100150   Section       12  entry9a.o(.ARM.Collect$$$$0000000B)
    .ARM.Collect$$$$0000000D                 0x0010015c   Section        0  entry10a.o(.ARM.Collect$$$$0000000D)
    .ARM.Collect$$$$0000000F                 0x0010015c   Section        0  entry11a.o(.ARM.Collect$$$$0000000F)
    .ARM.Collect$$$$00002712                 0x0010015c   Section        4  entry2.o(.ARM.Collect$$$$00002712)
    __lit__00000000                          0x0010015c   Data           4  entry2.o(.ARM.Collect$$$$00002712)
    .text                                    0x00100160   Section        0  blinky.o(.text)
    .text                                    0x00100294   Section        0  adc.o(.text)
    .text                                    0x00100354   Section        0  pwm.o(.text)
    .text                                    0x001003e8   Section        0  fadd.o(.text)
    .text                                    0x001004ac   Section        0  fmul.o(.text)
    .text                                    0x00100534   Section        0  dadd.o(.text)
    .text                                    0x001006a4   Section        0  ffixui.o(.text)
    .text                                    0x001006d4   Section        0  f2d.o(.text)
    .text                                    0x00100704   Section        0  d2f.o(.text)
    .text                                    0x00100740   Section        0  llshl.o(.text)
    .text                                    0x00100762   Section        0  llsshr.o(.text)
    .text                                    0x0010078c   Section        0  iusefp.o(.text)
    .text                                    0x0010078c   Section        0  fepilogue.o(.text)
    .text                                    0x00100810   Section        0  depilogue.o(.text)
    .text                                    0x001008e0   Section        0  ddiv.o(.text)
    .text                                    0x001009dc   Section        0  dscalb.o(.text)
    .text                                    0x00100a14   Section       32  init.o(.text)
    .text                                    0x00100a34   Section        0  llushr.o(.text)
    .text                                    0x00100a60   Section        0  dmul.o(.text)
    .text                                    0x00100b3c   Section        0  dflti.o(.text)
    .text                                    0x00100b6c   Section        0  dfltui.o(.text)
    .text                                    0x00100b94   Section        0  dfixi.o(.text)
    i.__ARM_clz                              0x00100c00   Section        0  depilogue.o(i.__ARM_clz)
    i.__ARM_common_call_via_r3               0x00100c2e   Section        2  init.o(i.__ARM_common_call_via_r3)
    i.__ARM_fpclassify                       0x00100c30   Section        0  fpclassify.o(i.__ARM_fpclassify)
    i.__ieee754_rem_pio2                     0x00100c60   Section        0  rred.o(i.__ieee754_rem_pio2)
    i.__kernel_cos                           0x00101158   Section        0  cos_i.o(i.__kernel_cos)
    i.__kernel_poly                          0x001012f4   Section        0  poly.o(i.__kernel_poly)
    i.__kernel_sin                           0x001013f4   Section        0  sin_i.o(i.__kernel_sin)
    i.__mathlib_dbl_underflow                0x00101570   Section        0  dunder.o(i.__mathlib_dbl_underflow)
    i.__scatterload_copy                     0x00101584   Section       28  handlers.o(i.__scatterload_copy)
    i.__scatterload_null                     0x001015a0   Section        4  handlers.o(i.__scatterload_null)
    i.__scatterload_zeroinit                 0x001015a4   Section       24  handlers.o(i.__scatterload_zeroinit)
    i.__set_errno                            0x001015c4   Section        0  errno.o(i.__set_errno)
    i.sin                                    0x001015d0   Section        0  sin.o(i.sin)
    .constdata                               0x001016d8   Section       48  cos_i.o(.constdata)
    C                                        0x001016d8   Data          48  cos_i.o(.constdata)
    .constdata                               0x00101708   Section      200  rred.o(.constdata)
    pio2s                                    0x00101708   Data          48  rred.o(.constdata)
    twooverpi                                0x00101738   Data         152  rred.o(.constdata)
    .constdata                               0x001017d0   Section       40  sin_i.o(.constdata)
    S                                        0x001017d0   Data          40  sin_i.o(.constdata)
    .data                                    0x00200000   Section        8  adc.o(.data)
    .data                                    0x00200008   Section       16  pwm.o(.data)
    .data                                    0x00200018   Section        4  errno.o(.data)
    _errno                                   0x00200018   Data           4  errno.o(.data)
    STACK                                    0x00200020   Section     1160  sam7.o(STACK)
    Stack_Top                                0x002004a8   Data           0  sam7.o(STACK)

    Global Symbols

    Symbol Name                              Value     Ov Type        Size  Object(Section)

    BuildAttributes$$THM_ISAv1$ARM_ISAv4$S$PE$A:L22$X:L11$S22$IEEE1$IW$USESV6$~STKCKD$USESV7$~SHL$OTIME$ROPI$IEEEX$EBA8$MICROLIB$REQ8$PRES8$EABIv2 0x00000000   Number         0  anon$$obj.o ABSOLUTE
    __ARM_use_no_argv                        0x00000000   Number         0  blinky.o ABSOLUTE
    __use_no_errno                           0x00000000   Number         0  useno.o ABSOLUTE
    __use_no_exception_handling              0x00000000   Number         0  useno.o ABSOLUTE
    __use_no_fp                              0x00000000   Number         0  useno.o ABSOLUTE
    __use_no_heap                            0x00000000   Number         0  useno.o ABSOLUTE
    __use_no_heap_region                     0x00000000   Number         0  useno.o ABSOLUTE
    __use_no_semihosting                     0x00000000   Number         0  useno.o ABSOLUTE
    __use_no_semihosting_swi                 0x00000000   Number         0  useno.o ABSOLUTE
    __use_no_signal_handling                 0x00000000   Number         0  useno.o ABSOLUTE
    __cpp_initialize__aeabi_                  - Undefined Weak Reference
    __cxa_finalize                            - Undefined Weak Reference
    __decompress                              - Undefined Weak Reference
    _clock_init                               - Undefined Weak Reference
    _microlib_exit                            - Undefined Weak Reference
    Reset_Handler                            0x00100058   ARM Code       0  sam7.o(RESET)
    __main                                   0x00100148   ARM Code       0  entry.o(.ARM.Collect$$$$00000000)
    _main_stk                                0x00100148   ARM Code       0  entry2.o(.ARM.Collect$$$$00000001)
    _main_scatterload                        0x0010014c   ARM Code       0  entry5.o(.ARM.Collect$$$$00000004)
    __main_after_scatterload                 0x00100150   ARM Code       0  entry5.o(.ARM.Collect$$$$00000004)
    _main_clock                              0x00100150   ARM Code       0  entry7b.o(.ARM.Collect$$$$00000008)
    _main_cpp_init                           0x00100150   ARM Code       0  entry8b.o(.ARM.Collect$$$$0000000A)
    _main_init                               0x00100150   ARM Code       0  entry9a.o(.ARM.Collect$$$$0000000B)
    __rt_final_cpp                           0x0010015c   ARM Code       0  entry10a.o(.ARM.Collect$$$$0000000D)
    __rt_final_exit                          0x0010015c   ARM Code       0  entry11a.o(.ARM.Collect$$$$0000000F)
    delay_us                                 0x00100160   ARM Code      24  blinky.o(.text)
    delay_1ms                                0x00100178   ARM Code      24  blinky.o(.text)
    delay                                    0x00100190   ARM Code      40  blinky.o(.text)
    main                                     0x001001b8   ARM Code     200  blinky.o(.text)
    InitADC                                  0x00100294   ARM Code      48  adc.o(.text)
    GetAdcChanel                             0x001002c4   ARM Code     136  adc.o(.text)
    InitPWM                                  0x00100354   ARM Code     116  pwm.o(.text)
    SetPWMValue                              0x001003c8   ARM Code      16  pwm.o(.text)
    Inline ARM to Thumb Veneer to __aeabi_fadd 0x001003e0   ARM Code       8  fadd.o(.text)
    __aeabi_fadd                             0x001003e9   Thumb Code   170  fadd.o(.text)
    __aeabi_fsub                             0x00100493   Thumb Code     8  fadd.o(.text)
    __aeabi_frsub                            0x0010049b   Thumb Code     8  fadd.o(.text)
    Inline ARM to Thumb Veneer to __aeabi_fmul 0x001004a4   ARM Code       8  fmul.o(.text)
    __aeabi_fmul                             0x001004ad   Thumb Code   126  fmul.o(.text)
    Inline ARM to Thumb Veneer to __aeabi_dadd 0x0010052c   ARM Code       8  dadd.o(.text)
    __aeabi_dadd                             0x00100535   Thumb Code   330  dadd.o(.text)
    __aeabi_dsub                             0x0010067f   Thumb Code    12  dadd.o(.text)
    __aeabi_drsub                            0x0010068b   Thumb Code    12  dadd.o(.text)
    Inline ARM to Thumb Veneer to __aeabi_f2uiz 0x0010069c   ARM Code       8  ffixui.o(.text)
    __aeabi_f2uiz                            0x001006a5   Thumb Code    40  ffixui.o(.text)
    Inline ARM to Thumb Veneer to __aeabi_f2d 0x001006cc   ARM Code       8  f2d.o(.text)
    __aeabi_f2d                              0x001006d5   Thumb Code    40  f2d.o(.text)
    Inline ARM to Thumb Veneer to __aeabi_d2f 0x001006fc   ARM Code       8  d2f.o(.text)
    __aeabi_d2f                              0x00100705   Thumb Code    60  d2f.o(.text)
    __aeabi_llsl                             0x00100741   Thumb Code    34  llshl.o(.text)
    _ll_shift_l                              0x00100741   Thumb Code     0  llshl.o(.text)
    __aeabi_lasr                             0x00100763   Thumb Code    40  llsshr.o(.text)
    _ll_sshift_r                             0x00100763   Thumb Code     0  llsshr.o(.text)
    __I$use$fp                               0x0010078c   ARM Code       0  iusefp.o(.text)
    _float_round                             0x0010078d   Thumb Code    16  fepilogue.o(.text)
    _float_epilogue                          0x0010079d   Thumb Code   116  fepilogue.o(.text)
    _double_round                            0x00100811   Thumb Code    28  depilogue.o(.text)
    _double_epilogue                         0x0010082d   Thumb Code   170  depilogue.o(.text)
    Inline ARM to Thumb Veneer to __aeabi_ddiv 0x001008d8   ARM Code       8  ddiv.o(.text)
    __aeabi_ddiv                             0x001008e1   Thumb Code   238  ddiv.o(.text)
    Inline ARM to Thumb Veneer to __ARM_scalbn 0x001009d4   ARM Code       8  dscalb.o(.text)
    __ARM_scalbn                             0x001009dd   Thumb Code    46  dscalb.o(.text)
    scalbn                                   0x001009dd   Thumb Code     0  dscalb.o(.text)
    Inline ARM to Thumb Veneer to __scatterload 0x00100a0c   ARM Code       8  init.o(.text)
    __scatterload                            0x00100a15   Thumb Code    24  init.o(.text)
    __scatterload_rt2                        0x00100a15   Thumb Code     0  init.o(.text)
    __aeabi_llsr                             0x00100a35   Thumb Code    36  llushr.o(.text)
    _ll_ushift_r                             0x00100a35   Thumb Code     0  llushr.o(.text)
    Inline ARM to Thumb Veneer to __aeabi_dmul 0x00100a58   ARM Code       8  dmul.o(.text)
    __aeabi_dmul                             0x00100a61   Thumb Code   206  dmul.o(.text)
    Inline ARM to Thumb Veneer to __aeabi_i2d 0x00100b34   ARM Code       8  dflti.o(.text)
    __aeabi_i2d                              0x00100b3d   Thumb Code    36  dflti.o(.text)
    Inline ARM to Thumb Veneer to __aeabi_ui2d 0x00100b64   ARM Code       8  dfltui.o(.text)
    __aeabi_ui2d                             0x00100b6d   Thumb Code    26  dfltui.o(.text)
    Inline ARM to Thumb Veneer to __aeabi_d2iz 0x00100b8c   ARM Code       8  dfixi.o(.text)
    __aeabi_d2iz                             0x00100b95   Thumb Code    66  dfixi.o(.text)
    Short Thumb to ARM Veneer to __main_after_scatterload 0x00100be1   Thumb Code     8  anon$$obj.o(Veneer$$Code)
    Long ARM to Thumb Veneer to __aeabi_dsub 0x00100be8   ARM Code      12  anon$$obj.o(Veneer$$Code)
    Long ARM to Thumb Veneer to __aeabi_drsub 0x00100bf4   ARM Code      12  anon$$obj.o(Veneer$$Code)
    __ARM_clz                                0x00100c01   Thumb Code    46  depilogue.o(i.__ARM_clz)
    __ARM_common_call_via_r3                 0x00100c2f   Thumb Code     2  init.o(i.__ARM_common_call_via_r3)
    __ARM_fpclassify                         0x00100c30   ARM Code      48  fpclassify.o(i.__ARM_fpclassify)
    __ieee754_rem_pio2                       0x00100c60   ARM Code    1208  rred.o(i.__ieee754_rem_pio2)
    __kernel_cos                             0x00101158   ARM Code     404  cos_i.o(i.__kernel_cos)
    __kernel_poly                            0x001012f4   ARM Code     256  poly.o(i.__kernel_poly)
    __kernel_sin                             0x001013f4   ARM Code     368  sin_i.o(i.__kernel_sin)
    __mathlib_dbl_underflow                  0x00101570   ARM Code      20  dunder.o(i.__mathlib_dbl_underflow)
    __scatterload_copy                       0x00101584   ARM Code      28  handlers.o(i.__scatterload_copy)
    __scatterload_null                       0x001015a0   ARM Code       4  handlers.o(i.__scatterload_null)
    __scatterload_zeroinit                   0x001015a4   ARM Code      24  handlers.o(i.__scatterload_zeroinit)
    Inline ARM to Thumb Veneer to __set_errno 0x001015bc   ARM Code       8  errno.o(i.__set_errno)
    __set_errno                              0x001015c5   Thumb Code     6  errno.o(i.__set_errno)
    sin                                      0x001015d0   ARM Code     256  sin.o(i.sin)
    Region$$Table$$Base                      0x001017f8   Number         0  anon$$obj.o(Region$$Table)
    Region$$Table$$Limit                     0x00101818   Number         0  anon$$obj.o(Region$$Table)
    a_pADC                                   0x00200000   Data           4  adc.o(.data)
    a_pPMC                                   0x00200004   Data           4  adc.o(.data)
    w_pPWM                                   0x00200008   Data           4  pwm.o(.data)
    w_pPMC                                   0x0020000c   Data           4  pwm.o(.data)
    w_pPWM_CH3                               0x00200010   Data           4  pwm.o(.data)
    w_pPioB                                  0x00200014   Data           4  pwm.o(.data)
    __initial_sp                             0x00200420   Data         136  sam7.o(STACK)



==============================================================================

Memory Map of the image

  Image Entry point : 0x00100148

  Load Region LR_IROM1 (Base: 0x00100000, Size: 0x00001834, Max: 0x00040000, ABSOLUTE)

    Execution Region ER_IROM1 (Base: 0x00100000, Size: 0x00001818, Max: 0x00040000, ABSOLUTE)

    Base Addr    Size         Type   Attr      Idx    E Section Name        Object

    0x00100000   0x00000148   Code   RO            3    RESET               sam7.o
    0x00100148   0x00000000   Code   RO           89  * .ARM.Collect$$$$00000000  mc_t.l(entry.o)
    0x00100148   0x00000004   Code   RO          118    .ARM.Collect$$$$00000001  mc_t.l(entry2.o)
    0x0010014c   0x00000004   Code   RO          120    .ARM.Collect$$$$00000004  mc_t.l(entry5.o)
    0x00100150   0x00000000   Code   RO          122    .ARM.Collect$$$$00000008  mc_t.l(entry7b.o)
    0x00100150   0x00000000   Code   RO          124    .ARM.Collect$$$$0000000A  mc_t.l(entry8b.o)
    0x00100150   0x0000000c   Code   RO          125    .ARM.Collect$$$$0000000B  mc_t.l(entry9a.o)
    0x0010015c   0x00000000   Code   RO          127    .ARM.Collect$$$$0000000D  mc_t.l(entry10a.o)
    0x0010015c   0x00000000   Code   RO          129    .ARM.Collect$$$$0000000F  mc_t.l(entry11a.o)
    0x0010015c   0x00000004   Code   RO          119    .ARM.Collect$$$$00002712  mc_t.l(entry2.o)
    0x00100160   0x00000134   Code   RO           24    .text               blinky.o
    0x00100294   0x000000c0   Code   RO           47    .text               adc.o
    0x00100354   0x0000008c   Code   RO           62    .text               pwm.o
    0x001003e0   0x00000008   Ven    RO           92    .text               mf_t.l(fadd.o)
    0x001003e8   0x000000ba   Code   RO           92    .text               mf_t.l(fadd.o)
    0x001004a2   0x00000002   PAD
    0x001004a4   0x00000008   Ven    RO           94    .text               mf_t.l(fmul.o)
    0x001004ac   0x0000007e   Code   RO           94    .text               mf_t.l(fmul.o)
    0x0010052a   0x00000002   PAD
    0x0010052c   0x00000008   Ven    RO           96    .text               mf_t.l(dadd.o)
    0x00100534   0x00000168   Code   RO           96    .text               mf_t.l(dadd.o)
    0x0010069c   0x00000008   Ven    RO           98    .text               mf_t.l(ffixui.o)
    0x001006a4   0x00000028   Code   RO           98    .text               mf_t.l(ffixui.o)
    0x001006cc   0x00000008   Ven    RO          100    .text               mf_t.l(f2d.o)
    0x001006d4   0x00000028   Code   RO          100    .text               mf_t.l(f2d.o)
    0x001006fc   0x00000008   Ven    RO          102    .text               mf_t.l(d2f.o)
    0x00100704   0x0000003c   Code   RO          102    .text               mf_t.l(d2f.o)
    0x00100740   0x00000022   Code   RO          131    .text               mc_t.l(llshl.o)
    0x00100762   0x00000028   Code   RO          133    .text               mc_t.l(llsshr.o)
    0x0010078a   0x00000002   PAD
    0x0010078c   0x00000000   Code   RO          142    .text               mc_t.l(iusefp.o)
    0x0010078c   0x00000084   Code   RO          143    .text               mf_t.l(fepilogue.o)
    0x00100810   0x000000c6   Code   RO          145    .text               mf_t.l(depilogue.o)
    0x001008d6   0x00000002   PAD
    0x001008d8   0x00000008   Ven    RO          149    .text               mf_t.l(ddiv.o)
    0x001008e0   0x000000f4   Code   RO          149    .text               mf_t.l(ddiv.o)
    0x001009d4   0x00000008   Ven    RO          151    .text               mf_t.l(dscalb.o)
    0x001009dc   0x0000002e   Code   RO          151    .text               mf_t.l(dscalb.o)
    0x00100a0a   0x00000002   PAD
    0x00100a0c   0x00000008   Ven    RO          159    .text               mc_t.l(init.o)
    0x00100a14   0x00000020   Code   RO          159    .text               mc_t.l(init.o)
    0x00100a34   0x00000024   Code   RO          163    .text               mc_t.l(llushr.o)
    0x00100a58   0x00000008   Ven    RO          165    .text               mf_t.l(dmul.o)
    0x00100a60   0x000000d4   Code   RO          165    .text               mf_t.l(dmul.o)
    0x00100b34   0x00000008   Ven    RO          167    .text               mf_t.l(dflti.o)
    0x00100b3c   0x00000028   Code   RO          167    .text               mf_t.l(dflti.o)
    0x00100b64   0x00000008   Ven    RO          169    .text               mf_t.l(dfltui.o)
    0x00100b6c   0x00000020   Code   RO          169    .text               mf_t.l(dfltui.o)
    0x00100b8c   0x00000008   Ven    RO          171    .text               mf_t.l(dfixi.o)
    0x00100b94   0x0000004c   Code   RO          171    .text               mf_t.l(dfixi.o)
    0x00100be0   0x00000008   Ven    RO          195    Veneer$$Code        anon$$obj.o
    0x00100be8   0x0000000c   Ven    RO          196    Veneer$$Code        anon$$obj.o
    0x00100bf4   0x0000000c   Ven    RO          197    Veneer$$Code        anon$$obj.o
    0x00100c00   0x0000002e   Code   RO          147    i.__ARM_clz         mf_t.l(depilogue.o)
    0x00100c2e   0x00000002   Code   RO          161    i.__ARM_common_call_via_r3  mc_t.l(init.o)
    0x00100c30   0x00000030   Code   RO          155    i.__ARM_fpclassify  m_ts.l(fpclassify.o)
    0x00100c60   0x000004f8   Code   RO          107    i.__ieee754_rem_pio2  m_ts.l(rred.o)
    0x00101158   0x0000019c   Code   RO          104    i.__kernel_cos      m_ts.l(cos_i.o)
    0x001012f4   0x00000100   Code   RO          157    i.__kernel_poly     m_ts.l(poly.o)
    0x001013f4   0x0000017c   Code   RO          112    i.__kernel_sin      m_ts.l(sin_i.o)
    0x00101570   0x00000014   Code   RO          153    i.__mathlib_dbl_underflow  m_ts.l(dunder.o)
    0x00101584   0x0000001c   Code   RO          175    i.__scatterload_copy  mc_t.l(handlers.o)
    0x001015a0   0x00000004   Code   RO          176    i.__scatterload_null  mc_t.l(handlers.o)
    0x001015a4   0x00000018   Code   RO          177    i.__scatterload_zeroinit  mc_t.l(handlers.o)
    0x001015bc   0x00000008   Ven    RO          137    i.__set_errno       mc_t.l(errno.o)
    0x001015c4   0x0000000c   Code   RO          137    i.__set_errno       mc_t.l(errno.o)
    0x001015d0   0x00000104   Code   RO           82    i.sin               m_ts.l(sin.o)
    0x001016d4   0x00000004   PAD
    0x001016d8   0x00000030   Data   RO          105    .constdata          m_ts.l(cos_i.o)
    0x00101708   0x000000c8   Data   RO          109    .constdata          m_ts.l(rred.o)
    0x001017d0   0x00000028   Data   RO          113    .constdata          m_ts.l(sin_i.o)
    0x001017f8   0x00000020   Data   RO          173    Region$$Table       anon$$obj.o


    Execution Region RW_IRAM1 (Base: 0x00200000, Size: 0x000004a8, Max: 0x00010000, ABSOLUTE)

    Base Addr    Size         Type   Attr      Idx    E Section Name        Object

    0x00200000   0x00000008   Data   RW           48    .data               adc.o
    0x00200008   0x00000010   Data   RW           63    .data               pwm.o
    0x00200018   0x00000004   Data   RW          138    .data               mc_t.l(errno.o)
    0x0020001c   0x00000004   PAD
    0x00200020   0x00000488   Zero   RW            1    STACK               sam7.o


==============================================================================

Image component sizes


      Code (inc. data)   RO Data    RW Data    ZI Data      Debug   Object Name

       192          8          0          8          0       1051   adc.o
       308         20          0          0          0      73442   blinky.o
       140          8          0         16          0        893   pwm.o
         0          0          0          0          0       1444   retarget.o
       328         72          0          0       1160        324   sam7.o

    ----------------------------------------------------------------------
      1000        116         32         24       1160      77154   Object Totals
        32          8         32          0          0          0   (incl. Generated)
         0          0          0          0          0          0   (incl. Padding)

    ----------------------------------------------------------------------

      Code (inc. data)   RO Data    RW Data    ZI Data      Debug   Library Member Name

       412          8         48          0          0        152   cos_i.o
        20          0          0          0          0         68   dunder.o
        48          0          0          0          0         68   fpclassify.o
       256          0          0          0          0        116   poly.o
      1272         64        200          0          0        120   rred.o
       260          4          0          0          0        128   sin.o
       380         12         40          0          0        156   sin_i.o
         0          0          0          0          0          0   entry.o
         0          0          0          0          0          0   entry10a.o
         0          0          0          0          0          0   entry11a.o
         8          4          0          0          0          0   entry2.o
         4          0          0          0          0          0   entry5.o
         0          0          0          0          0          0   entry7b.o
         0          0          0          0          0          0   entry8b.o
        12          4          0          0          0          0   entry9a.o
        20          6          0          4          0         60   errno.o
        56          0          0          0          0          0   handlers.o
        42          8          0          0          0        136   init.o
         0          0          0          0          0          0   iusefp.o
        34          0          0          0          0         72   llshl.o
        40          0          0          0          0         72   llsshr.o
        36          0          0          0          0         72   llushr.o
        68          0          0          0          0         80   d2f.o
       368          6          0          0          0        152   dadd.o
       252          6          0          0          0         96   ddiv.o
       244          0          0          0          0        232   depilogue.o
        84         10          0          0          0         88   dfixi.o
        48          4          0          0          0         76   dflti.o
        40          6          0          0          0         76   dfltui.o
       220          6          0          0          0        100   dmul.o
        54          0          0          0          0         80   dscalb.o
        48          0          0          0          0         60   f2d.o
       194          0          0          0          0        124   fadd.o
       132          0          0          0          0        144   fepilogue.o
        48          0          0          0          0         60   ffixui.o
       134          0          0          0          0         80   fmul.o

    ----------------------------------------------------------------------
      4848        152        288          4          4       2668   Library Totals
        14          4          0          0          4          0   (incl. Padding)

    ----------------------------------------------------------------------

      Code (inc. data)   RO Data    RW Data    ZI Data      Debug   Library Name

      2648         88        288          0          0        808   m_ts.l
       252         22          0          4          0        412   mc_t.l
      1934         38          0          0          0       1448   mf_t.l

    ----------------------------------------------------------------------
      4848        152        288          4          4       2668   Library Totals

    ----------------------------------------------------------------------

==============================================================================


      Code (inc. data)   RO Data    RW Data    ZI Data      Debug   

      5848        268        320         28       1164      78502   Grand Totals
      5848        268        320         28       1164      78502   ELF Image Totals
      5848        268        320         28          0          0   ROM Totals

==============================================================================

    Total RO  Size (Code + RO Data)                 6168 (   6.02kB)
    Total RW  Size (RW Data + ZI Data)              1192 (   1.16kB)
    Total ROM Size (Code + RO Data + RW Data)       6196 (   6.05kB)

==============================================================================

