ARM Linker, 5.03 [Build 76] [MDK-ARM Lite]

==============================================================================

Section Cross References

    sam7.o(RESET) refers to sam7.o(STACK) for Stack_Top
    sam7.o(RESET) refers to entry.o(.ARM.Collect$$$$00000000) for __main
    entry.o(.ARM.Collect$$$$00000000) refers (Special) to entry10a.o(.ARM.Collect$$$$0000000D) for __rt_final_cpp
    entry.o(.ARM.Collect$$$$00000000) refers (Special) to entry11a.o(.ARM.Collect$$$$0000000F) for __rt_final_exit
    entry.o(.ARM.Collect$$$$00000000) refers (Special) to entry7b.o(.ARM.Collect$$$$00000008) for _main_clock
    entry.o(.ARM.Collect$$$$00000000) refers (Special) to entry8b.o(.ARM.Collect$$$$0000000A) for _main_cpp_init
    entry.o(.ARM.Collect$$$$00000000) refers (Special) to entry9a.o(.ARM.Collect$$$$0000000B) for _main_init
    entry.o(.ARM.Collect$$$$00000000) refers (Special) to entry5.o(.ARM.Collect$$$$00000004) for _main_scatterload
    entry.o(.ARM.Collect$$$$00000000) refers (Special) to entry2.o(.ARM.Collect$$$$00000001) for _main_stk
    entry2.o(.ARM.Collect$$$$00000001) refers to entry2.o(.ARM.Collect$$$$00002712) for __lit__00000000
    entry2.o(.ARM.Collect$$$$00002712) refers to sam7.o(STACK) for __initial_sp
    entry5.o(.ARM.Collect$$$$00000004) refers to init.o(.text) for __scatterload
    entry9a.o(.ARM.Collect$$$$0000000B) refers to blinky.o(.text) for main
    entry9b.o(.ARM.Collect$$$$0000000C) refers to blinky.o(.text) for main
    init.o(.text) refers to entry5.o(.ARM.Collect$$$$00000004) for __main_after_scatterload


==============================================================================

Removing Unused input sections from the image.

    Removing sam7.o(HEAP), (0 bytes).
    Removing retarget.o(.text), (4 bytes).
    Removing blinky.o(.text), (24 bytes).

3 unused section(s) (total 28 bytes) removed from the image.

==============================================================================

Image Symbol Table

    Local Symbols

    Symbol Name                              Value     Ov Type        Size  Object(Section)

    ../clib/microlib/init/entry.s            0x00000000   Number         0  entry2.o ABSOLUTE
    ../clib/microlib/init/entry.s            0x00000000   Number         0  entry8a.o ABSOLUTE
    ../clib/microlib/init/entry.s            0x00000000   Number         0  entry7b.o ABSOLUTE
    ../clib/microlib/init/entry.s            0x00000000   Number         0  entry8b.o ABSOLUTE
    ../clib/microlib/init/entry.s            0x00000000   Number         0  entry7a.o ABSOLUTE
    ../clib/microlib/init/entry.s            0x00000000   Number         0  entry5.o ABSOLUTE
    ../clib/microlib/init/entry.s            0x00000000   Number         0  entry11b.o ABSOLUTE
    ../clib/microlib/init/entry.s            0x00000000   Number         0  entry11a.o ABSOLUTE
    ../clib/microlib/init/entry.s            0x00000000   Number         0  entry10b.o ABSOLUTE
    ../clib/microlib/init/entry.s            0x00000000   Number         0  entry10a.o ABSOLUTE
    ../clib/microlib/init/entry.s            0x00000000   Number         0  entry.o ABSOLUTE
    ../clib/microlib/init/entry.s            0x00000000   Number         0  entry9b.o ABSOLUTE
    ../clib/microlib/init/entry.s            0x00000000   Number         0  entry9a.o ABSOLUTE
    ../clib/microlib/stubs.s                 0x00000000   Number         0  useno.o ABSOLUTE
    Blinky.c                                 0x00000000   Number         0  blinky.o ABSOLUTE
    Retarget.c                               0x00000000   Number         0  retarget.o ABSOLUTE
    SAM7.s                                   0x00000000   Number         0  sam7.o ABSOLUTE
    dc.s                                     0x00000000   Number         0  dc.o ABSOLUTE
    handlers.s                               0x00000000   Number         0  handlers.o ABSOLUTE
    init.s                                   0x00000000   Number         0  init.o ABSOLUTE
    RESET                                    0x00100000   Section      328  sam7.o(RESET)
    Undef_Handler                            0x00100040   ARM Code       4  sam7.o(RESET)
    SWI_Handler                              0x00100044   ARM Code       4  sam7.o(RESET)
    PAbt_Handler                             0x00100048   ARM Code       4  sam7.o(RESET)
    DAbt_Handler                             0x0010004c   ARM Code       4  sam7.o(RESET)
    IRQ_Handler                              0x00100050   ARM Code       4  sam7.o(RESET)
    FIQ_Handler                              0x00100054   ARM Code       4  sam7.o(RESET)
    .ARM.Collect$$$$00000000                 0x00100148   Section        0  entry.o(.ARM.Collect$$$$00000000)
    .ARM.Collect$$$$00000001                 0x00100148   Section        4  entry2.o(.ARM.Collect$$$$00000001)
    .ARM.Collect$$$$00000004                 0x0010014c   Section        4  entry5.o(.ARM.Collect$$$$00000004)
    .ARM.Collect$$$$00000008                 0x00100150   Section        0  entry7b.o(.ARM.Collect$$$$00000008)
    .ARM.Collect$$$$0000000A                 0x00100150   Section        0  entry8b.o(.ARM.Collect$$$$0000000A)
    .ARM.Collect$$$$0000000B                 0x00100150   Section       12  entry9a.o(.ARM.Collect$$$$0000000B)
    .ARM.Collect$$$$0000000D                 0x0010015c   Section        0  entry10a.o(.ARM.Collect$$$$0000000D)
    .ARM.Collect$$$$0000000F                 0x0010015c   Section        0  entry11a.o(.ARM.Collect$$$$0000000F)
    .ARM.Collect$$$$00002712                 0x0010015c   Section        4  entry2.o(.ARM.Collect$$$$00002712)
    __lit__00000000                          0x0010015c   Data           4  entry2.o(.ARM.Collect$$$$00002712)
    .text                                    0x00100160   Section        0  blinky.o(.text)
    .text                                    0x001001dc   Section       48  init.o(.text)
    i.__scatterload_copy                     0x0010020c   Section       28  handlers.o(i.__scatterload_copy)
    i.__scatterload_null                     0x00100228   Section        4  handlers.o(i.__scatterload_null)
    i.__scatterload_zeroinit                 0x0010022c   Section       24  handlers.o(i.__scatterload_zeroinit)
    STACK                                    0x00200000   Section     1160  sam7.o(STACK)
    Stack_Top                                0x00200488   Data           0  sam7.o(STACK)

    Global Symbols

    Symbol Name                              Value     Ov Type        Size  Object(Section)

    BuildAttributes$$ARM_ISAv4$S$PE$A:L22$X:L11$S22$IEEE1$~IW$USESV6$~STKCKD$USESV7$~SHL$OSPACE$EBA8$MICROLIB$REQ8$PRES8$EABIv2 0x00000000   Number         0  anon$$obj.o ABSOLUTE
    __ARM_use_no_argv                        0x00000000   Number         0  blinky.o ABSOLUTE
    __use_no_errno                           0x00000000   Number         0  useno.o ABSOLUTE
    __use_no_exception_handling              0x00000000   Number         0  useno.o ABSOLUTE
    __use_no_fp                              0x00000000   Number         0  useno.o ABSOLUTE
    __use_no_heap                            0x00000000   Number         0  useno.o ABSOLUTE
    __use_no_heap_region                     0x00000000   Number         0  useno.o ABSOLUTE
    __use_no_semihosting                     0x00000000   Number         0  useno.o ABSOLUTE
    __use_no_semihosting_swi                 0x00000000   Number         0  useno.o ABSOLUTE
    __use_no_signal_handling                 0x00000000   Number         0  useno.o ABSOLUTE
    __cpp_initialize__aeabi_                  - Undefined Weak Reference
    __cxa_finalize                            - Undefined Weak Reference
    __decompress                              - Undefined Weak Reference
    _clock_init                               - Undefined Weak Reference
    _microlib_exit                            - Undefined Weak Reference
    Reset_Handler                            0x00100058   ARM Code       0  sam7.o(RESET)
    __main                                   0x00100148   ARM Code       0  entry.o(.ARM.Collect$$$$00000000)
    _main_stk                                0x00100148   ARM Code       0  entry2.o(.ARM.Collect$$$$00000001)
    _main_scatterload                        0x0010014c   ARM Code       0  entry5.o(.ARM.Collect$$$$00000004)
    __main_after_scatterload                 0x00100150   ARM Code       0  entry5.o(.ARM.Collect$$$$00000004)
    _main_clock                              0x00100150   ARM Code       0  entry7b.o(.ARM.Collect$$$$00000008)
    _main_cpp_init                           0x00100150   ARM Code       0  entry8b.o(.ARM.Collect$$$$0000000A)
    _main_init                               0x00100150   ARM Code       0  entry9a.o(.ARM.Collect$$$$0000000B)
    __rt_final_cpp                           0x0010015c   ARM Code       0  entry10a.o(.ARM.Collect$$$$0000000D)
    __rt_final_exit                          0x0010015c   ARM Code       0  entry11a.o(.ARM.Collect$$$$0000000F)
    delay_1ms                                0x00100160   ARM Code      24  blinky.o(.text)
    delay                                    0x00100178   ARM Code      36  blinky.o(.text)
    main                                     0x0010019c   ARM Code      60  blinky.o(.text)
    __scatterload                            0x001001dc   ARM Code      40  init.o(.text)
    __scatterload_rt2                        0x001001dc   ARM Code       0  init.o(.text)
    __scatterload_copy                       0x0010020c   ARM Code      28  handlers.o(i.__scatterload_copy)
    __scatterload_null                       0x00100228   ARM Code       4  handlers.o(i.__scatterload_null)
    __scatterload_zeroinit                   0x0010022c   ARM Code      24  handlers.o(i.__scatterload_zeroinit)
    Region$$Table$$Base                      0x00100244   Number         0  anon$$obj.o(Region$$Table)
    Region$$Table$$Limit                     0x00100254   Number         0  anon$$obj.o(Region$$Table)
    __initial_sp                             0x00200400   Data         136  sam7.o(STACK)



==============================================================================

Memory Map of the image

  Image Entry point : 0x00100148

  Load Region LR_IROM1 (Base: 0x00100000, Size: 0x00000254, Max: 0x00040000, ABSOLUTE)

    Execution Region ER_IROM1 (Base: 0x00100000, Size: 0x00000254, Max: 0x00040000, ABSOLUTE)

    Base Addr    Size         Type   Attr      Idx    E Section Name        Object

    0x00100000   0x00000148   Code   RO            3    RESET               sam7.o
    0x00100148   0x00000000   Code   RO           46  * .ARM.Collect$$$$00000000  mc_4.l(entry.o)
    0x00100148   0x00000004   Code   RO           49    .ARM.Collect$$$$00000001  mc_4.l(entry2.o)
    0x0010014c   0x00000004   Code   RO           51    .ARM.Collect$$$$00000004  mc_4.l(entry5.o)
    0x00100150   0x00000000   Code   RO           53    .ARM.Collect$$$$00000008  mc_4.l(entry7b.o)
    0x00100150   0x00000000   Code   RO           55    .ARM.Collect$$$$0000000A  mc_4.l(entry8b.o)
    0x00100150   0x0000000c   Code   RO           56    .ARM.Collect$$$$0000000B  mc_4.l(entry9a.o)
    0x0010015c   0x00000000   Code   RO           58    .ARM.Collect$$$$0000000D  mc_4.l(entry10a.o)
    0x0010015c   0x00000000   Code   RO           60    .ARM.Collect$$$$0000000F  mc_4.l(entry11a.o)
    0x0010015c   0x00000004   Code   RO           50    .ARM.Collect$$$$00002712  mc_4.l(entry2.o)
    0x00100160   0x0000007c   Code   RO           25    .text               blinky.o
    0x001001dc   0x00000030   Code   RO           62    .text               mc_4.l(init.o)
    0x0010020c   0x0000001c   Code   RO           66    i.__scatterload_copy  mc_4.l(handlers.o)
    0x00100228   0x00000004   Code   RO           67    i.__scatterload_null  mc_4.l(handlers.o)
    0x0010022c   0x00000018   Code   RO           68    i.__scatterload_zeroinit  mc_4.l(handlers.o)
    0x00100244   0x00000010   Data   RO           64    Region$$Table       anon$$obj.o


    Execution Region RW_IRAM1 (Base: 0x00200000, Size: 0x00000488, Max: 0x00010000, ABSOLUTE)

    Base Addr    Size         Type   Attr      Idx    E Section Name        Object

    0x00200000   0x00000488   Zero   RW            1    STACK               sam7.o


==============================================================================

Image component sizes


      Code (inc. data)   RO Data    RW Data    ZI Data      Debug   Object Name

       124          4          0          0          0       1441   blinky.o
         0          0          0          0          0       1444   retarget.o
       328         72          0          0       1160        352   sam7.o

    ----------------------------------------------------------------------
       452         76         16          0       1160       3237   Object Totals
         0          0         16          0          0          0   (incl. Generated)
         0          0          0          0          0          0   (incl. Padding)

    ----------------------------------------------------------------------

      Code (inc. data)   RO Data    RW Data    ZI Data      Debug   Library Member Name

         0          0          0          0          0          0   entry.o
         0          0          0          0          0          0   entry10a.o
         0          0          0          0          0          0   entry11a.o
         8          4          0          0          0          0   entry2.o
         4          0          0          0          0          0   entry5.o
         0          0          0          0          0          0   entry7b.o
         0          0          0          0          0          0   entry8b.o
        12          4          0          0          0          0   entry9a.o
        56          0          0          0          0          0   handlers.o
        48          8          0          0          0         68   init.o

    ----------------------------------------------------------------------
       128         16          0          0          0         68   Library Totals
         0          0          0          0          0          0   (incl. Padding)

    ----------------------------------------------------------------------

      Code (inc. data)   RO Data    RW Data    ZI Data      Debug   Library Name

       128         16          0          0          0         68   mc_4.l

    ----------------------------------------------------------------------
       128         16          0          0          0         68   Library Totals

    ----------------------------------------------------------------------

==============================================================================


      Code (inc. data)   RO Data    RW Data    ZI Data      Debug   

       580         92         16          0       1160       3305   Grand Totals
       580         92         16          0       1160       3305   ELF Image Totals
       580         92         16          0          0          0   ROM Totals

==============================================================================

    Total RO  Size (Code + RO Data)                  596 (   0.58kB)
    Total RW  Size (RW Data + ZI Data)              1160 (   1.13kB)
    Total ROM Size (Code + RO Data + RW Data)        596 (   0.58kB)

==============================================================================

