ARM Linker, 5.03 [Build 76] [MDK-ARM Lite]

==============================================================================

Section Cross References

    sam7.o(RESET) refers to sam7.o(STACK) for Stack_Top
    sam7.o(RESET) refers to entry.o(.ARM.Collect$$$$00000000) for __main
    main_code.o(.text) refers to main_code.o(.data) for zmienna_1
    entry.o(.ARM.Collect$$$$00000000) refers (Special) to entry10a.o(.ARM.Collect$$$$0000000D) for __rt_final_cpp
    entry.o(.ARM.Collect$$$$00000000) refers (Special) to entry11a.o(.ARM.Collect$$$$0000000F) for __rt_final_exit
    entry.o(.ARM.Collect$$$$00000000) refers (Special) to entry7b.o(.ARM.Collect$$$$00000008) for _main_clock
    entry.o(.ARM.Collect$$$$00000000) refers (Special) to entry8b.o(.ARM.Collect$$$$0000000A) for _main_cpp_init
    entry.o(.ARM.Collect$$$$00000000) refers (Special) to entry9a.o(.ARM.Collect$$$$0000000B) for _main_init
    entry.o(.ARM.Collect$$$$00000000) refers (Special) to entry5.o(.ARM.Collect$$$$00000004) for _main_scatterload
    entry.o(.ARM.Collect$$$$00000000) refers (Special) to entry2.o(.ARM.Collect$$$$00000001) for _main_stk
    entry2.o(.ARM.Collect$$$$00000001) refers to entry2.o(.ARM.Collect$$$$00002712) for __lit__00000000
    entry2.o(.ARM.Collect$$$$00002712) refers to sam7.o(STACK) for __initial_sp
    entry5.o(.ARM.Collect$$$$00000004) refers to init.o(.text) for __scatterload
    entry9a.o(.ARM.Collect$$$$0000000B) refers to main_code.o(.text) for main
    entry9b.o(.ARM.Collect$$$$0000000C) refers to main_code.o(.text) for main
    init.o(.text) refers to entry5.o(.ARM.Collect$$$$00000004) for __main_after_scatterload


==============================================================================

Removing Unused input sections from the image.

    Removing sam7.o(HEAP), (0 bytes).
    Removing retarget.o(.text), (8 bytes).

2 unused section(s) (total 8 bytes) removed from the image.

==============================================================================

Image Symbol Table

    Local Symbols

    Symbol Name                              Value     Ov Type        Size  Object(Section)

    ../clib/microlib/init/entry.s            0x00000000   Number         0  entry9a.o ABSOLUTE
    ../clib/microlib/init/entry.s            0x00000000   Number         0  entry8b.o ABSOLUTE
    ../clib/microlib/init/entry.s            0x00000000   Number         0  entry5.o ABSOLUTE
    ../clib/microlib/init/entry.s            0x00000000   Number         0  entry2.o ABSOLUTE
    ../clib/microlib/init/entry.s            0x00000000   Number         0  entry8a.o ABSOLUTE
    ../clib/microlib/init/entry.s            0x00000000   Number         0  entry7b.o ABSOLUTE
    ../clib/microlib/init/entry.s            0x00000000   Number         0  entry7a.o ABSOLUTE
    ../clib/microlib/init/entry.s            0x00000000   Number         0  entry11b.o ABSOLUTE
    ../clib/microlib/init/entry.s            0x00000000   Number         0  entry11a.o ABSOLUTE
    ../clib/microlib/init/entry.s            0x00000000   Number         0  entry10b.o ABSOLUTE
    ../clib/microlib/init/entry.s            0x00000000   Number         0  entry10a.o ABSOLUTE
    ../clib/microlib/init/entry.s            0x00000000   Number         0  entry9b.o ABSOLUTE
    ../clib/microlib/init/entry.s            0x00000000   Number         0  entry.o ABSOLUTE
    ../clib/microlib/stubs.s                 0x00000000   Number         0  useno.o ABSOLUTE
    Retarget.c                               0x00000000   Number         0  retarget.o ABSOLUTE
    SAM7.s                                   0x00000000   Number         0  sam7.o ABSOLUTE
    dc.s                                     0x00000000   Number         0  dc.o ABSOLUTE
    handlers.s                               0x00000000   Number         0  handlers.o ABSOLUTE
    init.s                                   0x00000000   Number         0  init.o ABSOLUTE
    main_code.c                              0x00000000   Number         0  main_code.o ABSOLUTE
    RESET                                    0x00200000   Section      328  sam7.o(RESET)
    Undef_Handler                            0x00200040   ARM Code       4  sam7.o(RESET)
    SWI_Handler                              0x00200044   ARM Code       4  sam7.o(RESET)
    PAbt_Handler                             0x00200048   ARM Code       4  sam7.o(RESET)
    DAbt_Handler                             0x0020004c   ARM Code       4  sam7.o(RESET)
    IRQ_Handler                              0x00200050   ARM Code       4  sam7.o(RESET)
    FIQ_Handler                              0x00200054   ARM Code       4  sam7.o(RESET)
    .ARM.Collect$$$$00000000                 0x00200148   Section        0  entry.o(.ARM.Collect$$$$00000000)
    .ARM.Collect$$$$00000001                 0x00200148   Section        4  entry2.o(.ARM.Collect$$$$00000001)
    .ARM.Collect$$$$00000004                 0x0020014c   Section        4  entry5.o(.ARM.Collect$$$$00000004)
    .ARM.Collect$$$$00000008                 0x00200150   Section        0  entry7b.o(.ARM.Collect$$$$00000008)
    .ARM.Collect$$$$0000000A                 0x00200150   Section        0  entry8b.o(.ARM.Collect$$$$0000000A)
    .ARM.Collect$$$$0000000B                 0x00200150   Section       12  entry9a.o(.ARM.Collect$$$$0000000B)
    .ARM.Collect$$$$0000000D                 0x0020015c   Section        0  entry10a.o(.ARM.Collect$$$$0000000D)
    .ARM.Collect$$$$0000000F                 0x0020015c   Section        0  entry11a.o(.ARM.Collect$$$$0000000F)
    .ARM.Collect$$$$00002712                 0x0020015c   Section        4  entry2.o(.ARM.Collect$$$$00002712)
    __lit__00000000                          0x0020015c   Data           4  entry2.o(.ARM.Collect$$$$00002712)
    .text                                    0x00200160   Section        0  main_code.o(.text)
    .text                                    0x002001b0   Section       48  init.o(.text)
    i.__scatterload_copy                     0x002001e0   Section       28  handlers.o(i.__scatterload_copy)
    i.__scatterload_null                     0x002001fc   Section        4  handlers.o(i.__scatterload_null)
    i.__scatterload_zeroinit                 0x00200200   Section       24  handlers.o(i.__scatterload_zeroinit)
    .data                                    0x00208000   Section        3  main_code.o(.data)
    STACK                                    0x00208008   Section     1160  sam7.o(STACK)
    Stack_Top                                0x00208490   Data           0  sam7.o(STACK)

    Global Symbols

    Symbol Name                              Value     Ov Type        Size  Object(Section)

    BuildAttributes$$ARM_ISAv4$S$PE$A:L22$X:L11$S22$IEEE1$~IW$USESV6$~STKCKD$USESV7$~SHL$OSPACE$EBA8$MICROLIB$REQ8$PRES8$EABIv2 0x00000000   Number         0  anon$$obj.o ABSOLUTE
    __ARM_use_no_argv                        0x00000000   Number         0  main_code.o ABSOLUTE
    __use_no_errno                           0x00000000   Number         0  useno.o ABSOLUTE
    __use_no_exception_handling              0x00000000   Number         0  useno.o ABSOLUTE
    __use_no_fp                              0x00000000   Number         0  useno.o ABSOLUTE
    __use_no_heap                            0x00000000   Number         0  useno.o ABSOLUTE
    __use_no_heap_region                     0x00000000   Number         0  useno.o ABSOLUTE
    __use_no_semihosting                     0x00000000   Number         0  useno.o ABSOLUTE
    __use_no_semihosting_swi                 0x00000000   Number         0  useno.o ABSOLUTE
    __use_no_signal_handling                 0x00000000   Number         0  useno.o ABSOLUTE
    __cpp_initialize__aeabi_                  - Undefined Weak Reference
    __cxa_finalize                            - Undefined Weak Reference
    __decompress                              - Undefined Weak Reference
    _clock_init                               - Undefined Weak Reference
    _microlib_exit                            - Undefined Weak Reference
    Reset_Handler                            0x00200058   ARM Code       0  sam7.o(RESET)
    __main                                   0x00200148   ARM Code       0  entry.o(.ARM.Collect$$$$00000000)
    _main_stk                                0x00200148   ARM Code       0  entry2.o(.ARM.Collect$$$$00000001)
    _main_scatterload                        0x0020014c   ARM Code       0  entry5.o(.ARM.Collect$$$$00000004)
    __main_after_scatterload                 0x00200150   ARM Code       0  entry5.o(.ARM.Collect$$$$00000004)
    _main_clock                              0x00200150   ARM Code       0  entry7b.o(.ARM.Collect$$$$00000008)
    _main_cpp_init                           0x00200150   ARM Code       0  entry8b.o(.ARM.Collect$$$$0000000A)
    _main_init                               0x00200150   ARM Code       0  entry9a.o(.ARM.Collect$$$$0000000B)
    __rt_final_cpp                           0x0020015c   ARM Code       0  entry10a.o(.ARM.Collect$$$$0000000D)
    __rt_final_exit                          0x0020015c   ARM Code       0  entry11a.o(.ARM.Collect$$$$0000000F)
    main                                     0x00200160   ARM Code      68  main_code.o(.text)
    __scatterload                            0x002001b0   ARM Code      40  init.o(.text)
    __scatterload_rt2                        0x002001b0   ARM Code       0  init.o(.text)
    __scatterload_copy                       0x002001e0   ARM Code      28  handlers.o(i.__scatterload_copy)
    __scatterload_null                       0x002001fc   ARM Code       4  handlers.o(i.__scatterload_null)
    __scatterload_zeroinit                   0x00200200   ARM Code      24  handlers.o(i.__scatterload_zeroinit)
    Region$$Table$$Base                      0x00200218   Number         0  anon$$obj.o(Region$$Table)
    Region$$Table$$Limit                     0x00200238   Number         0  anon$$obj.o(Region$$Table)
    zmienna_1                                0x00208000   Data           1  main_code.o(.data)
    zmienna_2                                0x00208001   Data           1  main_code.o(.data)
    zmienna_3                                0x00208002   Data           1  main_code.o(.data)
    __initial_sp                             0x00208408   Data         136  sam7.o(STACK)



==============================================================================

Memory Map of the image

  Image Entry point : 0x00200148

  Load Region LR_IROM1 (Base: 0x00200000, Size: 0x0000023c, Max: 0x00008000, ABSOLUTE)

    Execution Region ER_IROM1 (Base: 0x00200000, Size: 0x00000238, Max: 0x00008000, ABSOLUTE)

    Base Addr    Size         Type   Attr      Idx    E Section Name        Object

    0x00200000   0x00000148   Code   RO            3    RESET               sam7.o
    0x00200148   0x00000000   Code   RO           42  * .ARM.Collect$$$$00000000  mc_4.l(entry.o)
    0x00200148   0x00000004   Code   RO           45    .ARM.Collect$$$$00000001  mc_4.l(entry2.o)
    0x0020014c   0x00000004   Code   RO           47    .ARM.Collect$$$$00000004  mc_4.l(entry5.o)
    0x00200150   0x00000000   Code   RO           49    .ARM.Collect$$$$00000008  mc_4.l(entry7b.o)
    0x00200150   0x00000000   Code   RO           51    .ARM.Collect$$$$0000000A  mc_4.l(entry8b.o)
    0x00200150   0x0000000c   Code   RO           52    .ARM.Collect$$$$0000000B  mc_4.l(entry9a.o)
    0x0020015c   0x00000000   Code   RO           54    .ARM.Collect$$$$0000000D  mc_4.l(entry10a.o)
    0x0020015c   0x00000000   Code   RO           56    .ARM.Collect$$$$0000000F  mc_4.l(entry11a.o)
    0x0020015c   0x00000004   Code   RO           46    .ARM.Collect$$$$00002712  mc_4.l(entry2.o)
    0x00200160   0x00000050   Code   RO           24    .text               main_code.o
    0x002001b0   0x00000030   Code   RO           58    .text               mc_4.l(init.o)
    0x002001e0   0x0000001c   Code   RO           62    i.__scatterload_copy  mc_4.l(handlers.o)
    0x002001fc   0x00000004   Code   RO           63    i.__scatterload_null  mc_4.l(handlers.o)
    0x00200200   0x00000018   Code   RO           64    i.__scatterload_zeroinit  mc_4.l(handlers.o)
    0x00200218   0x00000020   Data   RO           60    Region$$Table       anon$$obj.o


    Execution Region RW_IRAM1 (Base: 0x00208000, Size: 0x00000490, Max: 0x00008000, ABSOLUTE)

    Base Addr    Size         Type   Attr      Idx    E Section Name        Object

    0x00208000   0x00000003   Data   RW           25    .data               main_code.o
    0x00208003   0x00000005   PAD
    0x00208008   0x00000488   Zero   RW            1    STACK               sam7.o


==============================================================================

Image component sizes


      Code (inc. data)   RO Data    RW Data    ZI Data      Debug   Object Name

        80         12          0          3          0        731   main_code.o
         0          0          0          0          0       1444   retarget.o
       328         72          0          0       1160        360   sam7.o

    ----------------------------------------------------------------------
       408         84         32          4       1164       2535   Object Totals
         0          0         32          0          0          0   (incl. Generated)
         0          0          0          1          4          0   (incl. Padding)

    ----------------------------------------------------------------------

      Code (inc. data)   RO Data    RW Data    ZI Data      Debug   Library Member Name

         0          0          0          0          0          0   entry.o
         0          0          0          0          0          0   entry10a.o
         0          0          0          0          0          0   entry11a.o
         8          4          0          0          0          0   entry2.o
         4          0          0          0          0          0   entry5.o
         0          0          0          0          0          0   entry7b.o
         0          0          0          0          0          0   entry8b.o
        12          4          0          0          0          0   entry9a.o
        56          0          0          0          0          0   handlers.o
        48          8          0          0          0         68   init.o

    ----------------------------------------------------------------------
       128         16          0          0          0         68   Library Totals
         0          0          0          0          0          0   (incl. Padding)

    ----------------------------------------------------------------------

      Code (inc. data)   RO Data    RW Data    ZI Data      Debug   Library Name

       128         16          0          0          0         68   mc_4.l

    ----------------------------------------------------------------------
       128         16          0          0          0         68   Library Totals

    ----------------------------------------------------------------------

==============================================================================


      Code (inc. data)   RO Data    RW Data    ZI Data      Debug   

       536        100         32          4       1164       2603   Grand Totals
       536        100         32          4       1164       2603   ELF Image Totals
       536        100         32          4          0          0   ROM Totals

==============================================================================

    Total RO  Size (Code + RO Data)                  568 (   0.55kB)
    Total RW  Size (RW Data + ZI Data)              1168 (   1.14kB)
    Total ROM Size (Code + RO Data + RW Data)        572 (   0.56kB)

==============================================================================

