<html>
<body>
<pre>
<h1>µVision Build Log</h1>
<h2>Tool Versions:</h2>
IDE-Version: µVision V5.21.1.0
Copyright (C) 2016 ARM Ltd and ARM Germany GmbH. All rights reserved.
License Information: K P, Student, LIC=----
 
Tool Versions:
Toolchain:       MDK-Lite  Version: 5.21a
Toolchain Path:  F:\Keil_v5\ARM\ARMCC\Bin
C Compiler:      Armcc.exe V5.06 update 3 (build 300)
Assembler:       Armasm.exe V5.06 update 3 (build 300)
Linker/Locator:  ArmLink.exe V5.06 update 3 (build 300)
Library Manager: ArmAr.exe V5.06 update 3 (build 300)
Hex Converter:   FromElf.exe V5.06 update 3 (build 300)
CPU DLL:         SARM.DLL V5.21a
Dialog DLL:      DARMATS.DLL V1.21.0.0
Target DLL:      UL2ARM.DLL V1.74.9.0
Dialog DLL:      TARMATS.DLL V1.21.0.0
 
<h2>Project:</h2>
E:\Projekty\Systemy Wbudowane\MasterMind.uvproj
Project File Date:  12/27/2016

<h2>Output:</h2>
*** Using Compiler 'V5.06 update 3 (build 300)', folder: 'F:\Keil_v5\ARM\ARMCC\Bin'
Build target 'SAM7X Flash - ULINK'
Clean started - Project: 'MasterMind'
   deleting intermediate output files for target 'SAM7X Flash - ULINK'
assembling SAM7.s...
compiling Retarget.c...
compiling delay.c...
compiling lcd.c...
lcd.c(154): warning:  #61-D: integer operation result is out of range
        (
T91C_SPI_DLYBCS & (0 << 24)) |    // Delay between chip selects (take default: 6 MCK periods)
lcd.c(165): warning:  #61-D: integer operation result is out of range
        (
T91C_SPI_DLYBCT & (0x01 << 24))     |  // Delay between Consecutive Transfers (32 MCK periods)
lcd.c: 2 warnings, 0 errors
compiling Main.c...
Main.c(175): warning:  #177-D: variable "PIO_IRQ_PRIORITY" was declared but never referenced
        const unsigned char PIO_IRQ_PRIORITY = 5;
Main.c(348): warning:  #223-D: function "sprintf" declared implicitly
                sprintf(ciag, "CZAS:%d  ", zmienna_1);
Main.c(441): warning:  #177-D: variable "j" was declared but never referenced
        int i, j;
Main.c(522): warning:  #177-D: variable "i" was declared but never referenced
        int deltaLine, i;
Main.c: 4 warnings, 0 errors
linking...
Program Size: Code=6692 RO-data=3148 RW-data=52 ZI-data=1340  
".\Flash\Blinky.axf" - 0 Error(s), 6 Warning(s).

*** Performing Cross-Module-Optimization:
compiling Retarget.c...
compiling delay.c...
compiling lcd.c...
lcd.c(154): warning:  #61-D: integer operation result is out of range
        (
T91C_SPI_DLYBCS & (0 << 24)) |    // Delay between chip selects (take default: 6 MCK periods)
lcd.c(165): warning:  #61-D: integer operation result is out of range
        (
T91C_SPI_DLYBCT & (0x01 << 24))     |  // Delay between Consecutive Transfers (32 MCK periods)
lcd.c: 2 warnings, 0 errors
compiling Main.c...
Main.c(175): warning:  #177-D: variable "PIO_IRQ_PRIORITY" was declared but never referenced
        const unsigned char PIO_IRQ_PRIORITY = 5;
Main.c(348): warning:  #223-D: function "sprintf" declared implicitly
                sprintf(ciag, "CZAS:%d  ", zmienna_1);
Main.c(441): warning:  #177-D: variable "j" was declared but never referenced
        int i, j;
Main.c(522): warning:  #177-D: variable "i" was declared but never referenced
        int deltaLine, i;
Main.c: 4 warnings, 0 errors
linking...
Program Size: Code=5836 RO-data=3148 RW-data=52 ZI-data=1340  
compiling Retarget.c...
compiling delay.c...
compiling lcd.c...
lcd.c(154): warning:  #61-D: integer operation result is out of range
        (
T91C_SPI_DLYBCS & (0 << 24)) |    // Delay between chip selects (take default: 6 MCK periods)
lcd.c(165): warning:  #61-D: integer operation result is out of range
        (
T91C_SPI_DLYBCT & (0x01 << 24))     |  // Delay between Consecutive Transfers (32 MCK periods)
lcd.c: 2 warnings, 0 errors
compiling Main.c...
Main.c(175): warning:  #177-D: variable "PIO_IRQ_PRIORITY" was declared but never referenced
        const unsigned char PIO_IRQ_PRIORITY = 5;
Main.c(348): warning:  #223-D: function "sprintf" declared implicitly
                sprintf(ciag, "CZAS:%d  ", zmienna_1);
Main.c(441): warning:  #177-D: variable "j" was declared but never referenced
        int i, j;
Main.c(522): warning:  #177-D: variable "i" was declared but never referenced
        int deltaLine, i;
Main.c: 4 warnings, 0 errors
linking...
Program Size: Code=5836 RO-data=3148 RW-data=52 ZI-data=1340  
FromELF: creating hex file...
".\Flash\Blinky.axf" - 0 Error(s), 6 Warning(s).
*** Completed Cross-Module-Optimization after 3 iteration(s).
Build Time Elapsed:  00:00:06
</pre>
</body>
</html>
