Component: ARM Compiler 5.06 update 3 (build 300) Tool: armlink [4d35c9]

==============================================================================

Section Cross References

    sam7.o(RESET) refers to sam7.o(STACK) for Stack_Top
    sam7.o(RESET) refers to entry.o(.ARM.Collect$$$$00000000) for __main
    delay.o(.text) refers to delay.o(.text) for delay_ms
    lcd.o(.text) refers to delay.o(.text) for delay_ms
    lcd.o(.text) refers to lcd.o(.data) for .data
    lcd.o(.text) refers to lcd.o(.constdata) for .constdata
    lcd.o(.text) refers to lcd.o(.data) for .data
    lcd.o(.text) refers to lcd.o(.text) for LCDSetLine
    lcd.o(.constdata) refers to lcd.o(.constdata) for FONT6x8
    lcd.o(.constdata) refers to lcd.o(.constdata) for FONT8x8
    lcd.o(.constdata) refers to lcd.o(.constdata) for FONT8x16
    main.o(.text) refers to lcd.o(.text) for LCDClearScreen
    main.o(.text) refers to delay.o(.text) for delay_ms
    main.o(.text) refers to lcd.o(.text) for LCDPutStr
    main.o(.text) refers to main.o(.text) for helloScreen
    main.o(.text) refers to main.o(.bss) for .bss
    main.o(.text) refers to lcd.o(.text) for LCDSetCircle
    main.o(.text) refers to main.o(.bss) for .bss
    main.o(.text) refers to lcd.o(.text) for LCDClearScreen
    main.o(.text) refers to main.o(.text) for menuScreen
    entry.o(.ARM.Collect$$$$00000000) refers (Special) to entry10a.o(.ARM.Collect$$$$0000000D) for __rt_final_cpp
    entry.o(.ARM.Collect$$$$00000000) refers (Special) to entry11a.o(.ARM.Collect$$$$0000000F) for __rt_final_exit
    entry.o(.ARM.Collect$$$$00000000) refers (Special) to entry7b.o(.ARM.Collect$$$$00000008) for _main_clock
    entry.o(.ARM.Collect$$$$00000000) refers (Special) to entry8b.o(.ARM.Collect$$$$0000000A) for _main_cpp_init
    entry.o(.ARM.Collect$$$$00000000) refers (Special) to entry9a.o(.ARM.Collect$$$$0000000B) for _main_init
    entry.o(.ARM.Collect$$$$00000000) refers (Special) to entry5.o(.ARM.Collect$$$$00000004) for _main_scatterload
    entry.o(.ARM.Collect$$$$00000000) refers (Special) to entry2.o(.ARM.Collect$$$$00000001) for _main_stk
    entry2.o(.ARM.Collect$$$$00000001) refers to entry2.o(.ARM.Collect$$$$00002712) for __lit__00000000
    entry2.o(.ARM.Collect$$$$00002712) refers to sam7.o(STACK) for __initial_sp
    entry5.o(.ARM.Collect$$$$00000004) refers to init.o(.text) for __scatterload
    entry9a.o(.ARM.Collect$$$$0000000B) refers to main.o(.text) for main
    entry9b.o(.ARM.Collect$$$$0000000C) refers to main.o(.text) for main
    init.o(.text) refers to entry5.o(.ARM.Collect$$$$00000004) for __main_after_scatterload


==============================================================================

Removing Unused input sections from the image.

    Removing sam7.o(HEAP), (0 bytes).
    Removing retarget.o(.text), (4 bytes).
    Removing delay.o(.text), (40 bytes).
    Removing lcd.o(.text), (32 bytes).
    Removing lcd.o(.text), (316 bytes).
    Removing lcd.o(.data), (4 bytes).
    Removing main.o(.text), (64 bytes).
    Removing main.o(.text), (56 bytes).
    Removing main.o(.text), (36 bytes).
    Removing main.o(.text), (144 bytes).
    Removing main.o(.text), (4 bytes).
    Removing main.o(.text), (108 bytes).
    Removing main.o(.bss), (96 bytes).

13 unused section(s) (total 904 bytes) removed from the image.

==============================================================================

Image Symbol Table

    Local Symbols

    Symbol Name                              Value     Ov Type        Size  Object(Section)

    ../clib/microlib/init/entry.s            0x00000000   Number         0  entry11a.o ABSOLUTE
    ../clib/microlib/init/entry.s            0x00000000   Number         0  entry11b.o ABSOLUTE
    ../clib/microlib/init/entry.s            0x00000000   Number         0  entry5.o ABSOLUTE
    ../clib/microlib/init/entry.s            0x00000000   Number         0  entry7b.o ABSOLUTE
    ../clib/microlib/init/entry.s            0x00000000   Number         0  entry8a.o ABSOLUTE
    ../clib/microlib/init/entry.s            0x00000000   Number         0  entry8b.o ABSOLUTE
    ../clib/microlib/init/entry.s            0x00000000   Number         0  entry7a.o ABSOLUTE
    ../clib/microlib/init/entry.s            0x00000000   Number         0  entry9a.o ABSOLUTE
    ../clib/microlib/init/entry.s            0x00000000   Number         0  entry2.o ABSOLUTE
    ../clib/microlib/init/entry.s            0x00000000   Number         0  entry9b.o ABSOLUTE
    ../clib/microlib/init/entry.s            0x00000000   Number         0  entry.o ABSOLUTE
    ../clib/microlib/init/entry.s            0x00000000   Number         0  entry10a.o ABSOLUTE
    ../clib/microlib/init/entry.s            0x00000000   Number         0  entry10b.o ABSOLUTE
    ../clib/microlib/stubs.s                 0x00000000   Number         0  useno.o ABSOLUTE
    Main.c                                   0x00000000   Number         0  main.o ABSOLUTE
    Retarget.c                               0x00000000   Number         0  retarget.o ABSOLUTE
    SAM7.s                                   0x00000000   Number         0  sam7.o ABSOLUTE
    dc.s                                     0x00000000   Number         0  dc.o ABSOLUTE
    delay.c                                  0x00000000   Number         0  delay.o ABSOLUTE
    handlers.s                               0x00000000   Number         0  handlers.o ABSOLUTE
    init.s                                   0x00000000   Number         0  init.o ABSOLUTE
    lcd.c                                    0x00000000   Number         0  lcd.o ABSOLUTE
    RESET                                    0x00100000   Section      324  sam7.o(RESET)
    Undef_Handler                            0x00100040   ARM Code       4  sam7.o(RESET)
    SWI_Handler                              0x00100044   ARM Code       4  sam7.o(RESET)
    PAbt_Handler                             0x00100048   ARM Code       4  sam7.o(RESET)
    DAbt_Handler                             0x0010004c   ARM Code       4  sam7.o(RESET)
    IRQ_Handler                              0x00100050   ARM Code       4  sam7.o(RESET)
    FIQ_Handler                              0x00100054   ARM Code       4  sam7.o(RESET)
    .ARM.Collect$$$$00000000                 0x00100144   Section        0  entry.o(.ARM.Collect$$$$00000000)
    .ARM.Collect$$$$00000001                 0x00100144   Section        4  entry2.o(.ARM.Collect$$$$00000001)
    .ARM.Collect$$$$00000004                 0x00100148   Section        4  entry5.o(.ARM.Collect$$$$00000004)
    .ARM.Collect$$$$00000008                 0x0010014c   Section        0  entry7b.o(.ARM.Collect$$$$00000008)
    .ARM.Collect$$$$0000000A                 0x0010014c   Section        0  entry8b.o(.ARM.Collect$$$$0000000A)
    .ARM.Collect$$$$0000000B                 0x0010014c   Section       12  entry9a.o(.ARM.Collect$$$$0000000B)
    .ARM.Collect$$$$0000000D                 0x00100158   Section        0  entry10a.o(.ARM.Collect$$$$0000000D)
    .ARM.Collect$$$$0000000F                 0x00100158   Section        0  entry11a.o(.ARM.Collect$$$$0000000F)
    .ARM.Collect$$$$00002712                 0x00100158   Section        4  entry2.o(.ARM.Collect$$$$00002712)
    __lit__00000000                          0x00100158   Data           4  entry2.o(.ARM.Collect$$$$00002712)
    .text                                    0x0010015c   Section        0  delay.o(.text)
    .text                                    0x001001ac   Section        0  lcd.o(.text)
    .text                                    0x001007c8   Section        0  main.o(.text)
    .text                                    0x00100da8   Section       48  init.o(.text)
    i.__scatterload_copy                     0x00100dd8   Section       28  handlers.o(i.__scatterload_copy)
    i.__scatterload_null                     0x00100df4   Section        4  handlers.o(i.__scatterload_null)
    i.__scatterload_zeroinit                 0x00100df8   Section       24  handlers.o(i.__scatterload_zeroinit)
    .constdata                               0x00100e10   Section      776  lcd.o(.constdata)
    .constdata                               0x00101118   Section      776  lcd.o(.constdata)
    .constdata                               0x00101420   Section     1552  lcd.o(.constdata)
    .constdata                               0x00101a30   Section       12  lcd.o(.constdata)
    .data                                    0x00200000   Section       16  lcd.o(.data)
    STACK                                    0x00200010   Section     1160  sam7.o(STACK)
    Stack_Top                                0x00200498   Data           0  sam7.o(STACK)

    Global Symbols

    Symbol Name                              Value     Ov Type        Size  Object(Section)

    BuildAttributes$$ARM_ISAv4$S$PE$A:L22$X:L11$S22$IEEE1$~IW$USESV6$~STKCKD$USESV7$~SHL$OSPACE$EBA8$MICROLIB$REQ8$PRES8$EABIv2 0x00000000   Number         0  anon$$obj.o ABSOLUTE
    __ARM_use_no_argv                        0x00000000   Number         0  main.o ABSOLUTE
    __use_no_errno                           0x00000000   Number         0  useno.o ABSOLUTE
    __use_no_exception_handling              0x00000000   Number         0  useno.o ABSOLUTE
    __use_no_fp                              0x00000000   Number         0  useno.o ABSOLUTE
    __use_no_heap                            0x00000000   Number         0  useno.o ABSOLUTE
    __use_no_heap_region                     0x00000000   Number         0  useno.o ABSOLUTE
    __use_no_semihosting                     0x00000000   Number         0  useno.o ABSOLUTE
    __use_no_semihosting_swi                 0x00000000   Number         0  useno.o ABSOLUTE
    __use_no_signal_handling                 0x00000000   Number         0  useno.o ABSOLUTE
    __cpp_initialize__aeabi_                  - Undefined Weak Reference
    __cxa_finalize                            - Undefined Weak Reference
    __decompress                              - Undefined Weak Reference
    _clock_init                               - Undefined Weak Reference
    _microlib_exit                            - Undefined Weak Reference
    Reset_Handler                            0x00100058   ARM Code       0  sam7.o(RESET)
    __main                                   0x00100144   ARM Code       0  entry.o(.ARM.Collect$$$$00000000)
    _main_stk                                0x00100144   ARM Code       0  entry2.o(.ARM.Collect$$$$00000001)
    _main_scatterload                        0x00100148   ARM Code       0  entry5.o(.ARM.Collect$$$$00000004)
    __main_after_scatterload                 0x0010014c   ARM Code       0  entry5.o(.ARM.Collect$$$$00000004)
    _main_clock                              0x0010014c   ARM Code       0  entry7b.o(.ARM.Collect$$$$00000008)
    _main_cpp_init                           0x0010014c   ARM Code       0  entry8b.o(.ARM.Collect$$$$0000000A)
    _main_init                               0x0010014c   ARM Code       0  entry9a.o(.ARM.Collect$$$$0000000B)
    __rt_final_cpp                           0x00100158   ARM Code       0  entry10a.o(.ARM.Collect$$$$0000000D)
    __rt_final_exit                          0x00100158   ARM Code       0  entry11a.o(.ARM.Collect$$$$0000000F)
    delay_us                                 0x0010015c   ARM Code      40  delay.o(.text)
    delay_ms                                 0x00100184   ARM Code      40  delay.o(.text)
    InitSpi                                  0x001001ac   ARM Code     160  lcd.o(.text)
    WriteSpiCommand                          0x0010024c   ARM Code      48  lcd.o(.text)
    WriteSpiData                             0x0010027c   ARM Code      48  lcd.o(.text)
    InitLcd                                  0x001002ac   ARM Code     208  lcd.o(.text)
    LCDClearScreen                           0x0010037c   ARM Code     108  lcd.o(.text)
    LCDSetPixel                              0x001003e8   ARM Code     112  lcd.o(.text)
    LCDSetLine                               0x00100458   ARM Code     196  lcd.o(.text)
    LCDSetCircle                             0x0010051c   ARM Code     312  lcd.o(.text)
    LCDPutChar                               0x00100654   ARM Code     256  lcd.o(.text)
    LCDPutStr                                0x00100754   ARM Code      96  lcd.o(.text)
    optionScreen                             0x001007c8   ARM Code      56  main.o(.text)
    highScoreScreen                          0x00100800   ARM Code      56  main.o(.text)
    gameScreen                               0x00100838   ARM Code     788  main.o(.text)
    menuScreen                               0x00100b4c   ARM Code     432  main.o(.text)
    helloScreen                              0x00100cfc   ARM Code      68  main.o(.text)
    main                                     0x00100d40   ARM Code     104  main.o(.text)
    __scatterload                            0x00100da8   ARM Code      40  init.o(.text)
    __scatterload_rt2                        0x00100da8   ARM Code       0  init.o(.text)
    __scatterload_copy                       0x00100dd8   ARM Code      28  handlers.o(i.__scatterload_copy)
    __scatterload_null                       0x00100df4   ARM Code       4  handlers.o(i.__scatterload_null)
    __scatterload_zeroinit                   0x00100df8   ARM Code      24  handlers.o(i.__scatterload_zeroinit)
    FONT6x8                                  0x00100e10   Data         776  lcd.o(.constdata)
    FONT8x8                                  0x00101118   Data         776  lcd.o(.constdata)
    FONT8x16                                 0x00101420   Data        1552  lcd.o(.constdata)
    Region$$Table$$Base                      0x00101a3c   Number         0  anon$$obj.o(Region$$Table)
    Region$$Table$$Limit                     0x00101a5c   Number         0  anon$$obj.o(Region$$Table)
    pPIOA                                    0x00200000   Data           4  lcd.o(.data)
    pPIOB                                    0x00200004   Data           4  lcd.o(.data)
    pSPI                                     0x00200008   Data           4  lcd.o(.data)
    pPMC                                     0x0020000c   Data           4  lcd.o(.data)
    __initial_sp                             0x00200410   Data         136  sam7.o(STACK)



==============================================================================

Memory Map of the image

  Image Entry point : 0x00100144

  Load Region LR_IROM1 (Base: 0x00100000, Size: 0x00001a6c, Max: 0x00040000, ABSOLUTE)

    Execution Region ER_IROM1 (Base: 0x00100000, Size: 0x00001a5c, Max: 0x00040000, ABSOLUTE)

    Base Addr    Size         Type   Attr      Idx    E Section Name        Object

    0x00100000   0x00000144   Code   RO            3    RESET               sam7.o
    0x00100144   0x00000000   Code   RO          151  * .ARM.Collect$$$$00000000  mc_4.l(entry.o)
    0x00100144   0x00000004   Code   RO          154    .ARM.Collect$$$$00000001  mc_4.l(entry2.o)
    0x00100148   0x00000004   Code   RO          156    .ARM.Collect$$$$00000004  mc_4.l(entry5.o)
    0x0010014c   0x00000000   Code   RO          158    .ARM.Collect$$$$00000008  mc_4.l(entry7b.o)
    0x0010014c   0x00000000   Code   RO          160    .ARM.Collect$$$$0000000A  mc_4.l(entry8b.o)
    0x0010014c   0x0000000c   Code   RO          161    .ARM.Collect$$$$0000000B  mc_4.l(entry9a.o)
    0x00100158   0x00000000   Code   RO          163    .ARM.Collect$$$$0000000D  mc_4.l(entry10a.o)
    0x00100158   0x00000000   Code   RO          165    .ARM.Collect$$$$0000000F  mc_4.l(entry11a.o)
    0x00100158   0x00000004   Code   RO          155    .ARM.Collect$$$$00002712  mc_4.l(entry2.o)
    0x0010015c   0x00000050   Code   RO           30    .text               delay.o
    0x001001ac   0x0000061c   Code   RO           51    .text               lcd.o
    0x001007c8   0x000005e0   Code   RO           90    .text               main.o
    0x00100da8   0x00000030   Code   RO          167    .text               mc_4.l(init.o)
    0x00100dd8   0x0000001c   Code   RO          171    i.__scatterload_copy  mc_4.l(handlers.o)
    0x00100df4   0x00000004   Code   RO          172    i.__scatterload_null  mc_4.l(handlers.o)
    0x00100df8   0x00000018   Code   RO          173    i.__scatterload_zeroinit  mc_4.l(handlers.o)
    0x00100e10   0x00000308   Data   RO           54    .constdata          lcd.o
    0x00101118   0x00000308   Data   RO           55    .constdata          lcd.o
    0x00101420   0x00000610   Data   RO           56    .constdata          lcd.o
    0x00101a30   0x0000000c   Data   RO           57    .constdata          lcd.o
    0x00101a3c   0x00000020   Data   RO          169    Region$$Table       anon$$obj.o


    Execution Region RW_IRAM1 (Base: 0x00200000, Size: 0x00000498, Max: 0x00010000, ABSOLUTE)

    Base Addr    Size         Type   Attr      Idx    E Section Name        Object

    0x00200000   0x00000010   Data   RW           58    .data               lcd.o
    0x00200010   0x00000488   Zero   RW            1    STACK               sam7.o


==============================================================================

Image component sizes


      Code (inc. data)   RO Data    RW Data    ZI Data      Debug   Object Name

        80          0          0          0          0        992   delay.o
      1564         20       3116         16          0      76867   lcd.o
      1504        124          0          0          0       3076   main.o
         0          0          0          0          0       1444   retarget.o
       324         68          0          0       1160        316   sam7.o

    ----------------------------------------------------------------------
      3472        212       3148         16       1160      82695   Object Totals
         0          0         32          0          0          0   (incl. Generated)
         0          0          0          0          0          0   (incl. Padding)

    ----------------------------------------------------------------------

      Code (inc. data)   RO Data    RW Data    ZI Data      Debug   Library Member Name

         0          0          0          0          0          0   entry.o
         0          0          0          0          0          0   entry10a.o
         0          0          0          0          0          0   entry11a.o
         8          4          0          0          0          0   entry2.o
         4          0          0          0          0          0   entry5.o
         0          0          0          0          0          0   entry7b.o
         0          0          0          0          0          0   entry8b.o
        12          4          0          0          0          0   entry9a.o
        56          0          0          0          0          0   handlers.o
        48          8          0          0          0         68   init.o

    ----------------------------------------------------------------------
       128         16          0          0          0         68   Library Totals
         0          0          0          0          0          0   (incl. Padding)

    ----------------------------------------------------------------------

      Code (inc. data)   RO Data    RW Data    ZI Data      Debug   Library Name

       128         16          0          0          0         68   mc_4.l

    ----------------------------------------------------------------------
       128         16          0          0          0         68   Library Totals

    ----------------------------------------------------------------------

==============================================================================


      Code (inc. data)   RO Data    RW Data    ZI Data      Debug   

      3600        228       3148         16       1160      82811   Grand Totals
      3600        228       3148         16       1160      82811   ELF Image Totals
      3600        228       3148         16          0          0   ROM Totals

==============================================================================

    Total RO  Size (Code + RO Data)                 6748 (   6.59kB)
    Total RW  Size (RW Data + ZI Data)              1176 (   1.15kB)
    Total ROM Size (Code + RO Data + RW Data)       6764 (   6.61kB)

==============================================================================

