<!doctype html public "-//w3c//dtd html 4.0 transitional//en">
<html><head>
<title>Static Call Graph - [.\Flash\Blinky.axf]</title></head>
<body><HR>
<H1>Static Call Graph for image .\Flash\Blinky.axf</H1><HR>
<BR><P>#&#060CALLGRAPH&#062# ARM Linker, 5060300: Last Updated: Sun Dec 25 16:05:18 2016
<BR><P>
<H3>Maximum Stack Usage =        148 bytes + Unknown(Functions without stacksize, Cycles, Untraceable Function Pointers)</H3><H3>
Call chain for Maximum Stack Depth:</H3>
main &rArr; helloScreen &rArr; menuScreen &rArr;  helloScreen (Cycle)
<P>
<H3>
Functions with no stack information
</H3><UL>
 <LI><a href="#[0]">Reset_Handler</a>
 <LI><a href="#[1]">Undef_Handler</a>
 <LI><a href="#[2]">SWI_Handler</a>
 <LI><a href="#[3]">PAbt_Handler</a>
 <LI><a href="#[4]">DAbt_Handler</a>
 <LI><a href="#[5]">IRQ_Handler</a>
 <LI><a href="#[6]">FIQ_Handler</a>
</UL>
</UL>
<P>
<H3>
Mutually Recursive functions
</H3> <LI><a href="#[18]">menuScreen</a>&nbsp;&nbsp;&nbsp;&rArr;&nbsp;&nbsp;&nbsp;<a href="#[1c]">helloScreen</a><BR>
 <LI><a href="#[1b]">gameScreen</a>&nbsp;&nbsp;&nbsp;&rArr;&nbsp;&nbsp;&nbsp;<a href="#[1c]">helloScreen</a><BR>
 <LI><a href="#[19]">highScoreScreen</a>&nbsp;&nbsp;&nbsp;&rArr;&nbsp;&nbsp;&nbsp;<a href="#[18]">menuScreen</a><BR>
 <LI><a href="#[17]">optionScreen</a>&nbsp;&nbsp;&nbsp;&rArr;&nbsp;&nbsp;&nbsp;<a href="#[18]">menuScreen</a><BR>
 <LI><a href="#[1]">Undef_Handler</a>&nbsp;&nbsp;&nbsp;&rArr;&nbsp;&nbsp;&nbsp;<a href="#[1]">Undef_Handler</a><BR>
 <LI><a href="#[2]">SWI_Handler</a>&nbsp;&nbsp;&nbsp;&rArr;&nbsp;&nbsp;&nbsp;<a href="#[2]">SWI_Handler</a><BR>
 <LI><a href="#[3]">PAbt_Handler</a>&nbsp;&nbsp;&nbsp;&rArr;&nbsp;&nbsp;&nbsp;<a href="#[3]">PAbt_Handler</a><BR>
 <LI><a href="#[4]">DAbt_Handler</a>&nbsp;&nbsp;&nbsp;&rArr;&nbsp;&nbsp;&nbsp;<a href="#[4]">DAbt_Handler</a><BR>
 <LI><a href="#[5]">IRQ_Handler</a>&nbsp;&nbsp;&nbsp;&rArr;&nbsp;&nbsp;&nbsp;<a href="#[5]">IRQ_Handler</a><BR>
 <LI><a href="#[6]">FIQ_Handler</a>&nbsp;&nbsp;&nbsp;&rArr;&nbsp;&nbsp;&nbsp;<a href="#[6]">FIQ_Handler</a><BR>
</UL>
<P>
<H3>
Function Pointers
</H3><UL>
 <LI><a href="#[4]">DAbt_Handler</a> from sam7.o(RESET) referenced from sam7.o(RESET)
 <LI><a href="#[6]">FIQ_Handler</a> from sam7.o(RESET) referenced from sam7.o(RESET)
 <LI><a href="#[5]">IRQ_Handler</a> from sam7.o(RESET) referenced from sam7.o(RESET)
 <LI><a href="#[3]">PAbt_Handler</a> from sam7.o(RESET) referenced from sam7.o(RESET)
 <LI><a href="#[0]">Reset_Handler</a> from sam7.o(RESET) referenced from sam7.o(RESET)
 <LI><a href="#[2]">SWI_Handler</a> from sam7.o(RESET) referenced from sam7.o(RESET)
 <LI><a href="#[1]">Undef_Handler</a> from sam7.o(RESET) referenced from sam7.o(RESET)
 <LI><a href="#[9]">__main</a> from entry.o(.ARM.Collect$$$$00000000) referenced from sam7.o(RESET)
 <LI><a href="#[8]">main</a> from main.o(.text) referenced from entry9a.o(.ARM.Collect$$$$0000000B)
</UL>
<P>
<H3>
Global Symbols
</H3>
<P><STRONG><a name="[0]"></a>Reset_Handler</STRONG> (ARM, 0 bytes, Stack size unknown bytes, sam7.o(RESET))
<BR>[Address Reference Count : 1]<UL><LI> sam7.o(RESET)
</UL>
<P><STRONG><a name="[9]"></a>__main</STRONG> (ARM, 0 bytes, Stack size unknown bytes, entry.o(.ARM.Collect$$$$00000000))

<P><STRONG><a name="[1f]"></a>_main_stk</STRONG> (ARM, 0 bytes, Stack size unknown bytes, entry2.o(.ARM.Collect$$$$00000001))

<P><STRONG><a name="[a]"></a>_main_scatterload</STRONG> (ARM, 0 bytes, Stack size unknown bytes, entry5.o(.ARM.Collect$$$$00000004))
<BR><BR>[Calls]<UL><LI><a href="#[b]">&gt;&gt;</a>&nbsp;&nbsp;&nbsp;__scatterload
</UL>

<P><STRONG><a name="[1e]"></a>__main_after_scatterload</STRONG> (ARM, 0 bytes, Stack size unknown bytes, entry5.o(.ARM.Collect$$$$00000004))
<BR><BR>[Called By]<UL><LI><a href="#[b]">&gt;&gt;</a>&nbsp;&nbsp;&nbsp;__scatterload
</UL>

<P><STRONG><a name="[20]"></a>_main_clock</STRONG> (ARM, 0 bytes, Stack size unknown bytes, entry7b.o(.ARM.Collect$$$$00000008))

<P><STRONG><a name="[21]"></a>_main_cpp_init</STRONG> (ARM, 0 bytes, Stack size unknown bytes, entry8b.o(.ARM.Collect$$$$0000000A))

<P><STRONG><a name="[22]"></a>_main_init</STRONG> (ARM, 0 bytes, Stack size unknown bytes, entry9a.o(.ARM.Collect$$$$0000000B))

<P><STRONG><a name="[23]"></a>__rt_final_cpp</STRONG> (ARM, 0 bytes, Stack size unknown bytes, entry10a.o(.ARM.Collect$$$$0000000D))

<P><STRONG><a name="[24]"></a>__rt_final_exit</STRONG> (ARM, 0 bytes, Stack size unknown bytes, entry11a.o(.ARM.Collect$$$$0000000F))

<P><STRONG><a name="[d]"></a>delay_us</STRONG> (ARM, 40 bytes, Stack size 0 bytes, delay.o(.text))
<BR><BR>[Called By]<UL><LI><a href="#[c]">&gt;&gt;</a>&nbsp;&nbsp;&nbsp;delay_ms
</UL>

<P><STRONG><a name="[c]"></a>delay_ms</STRONG> (ARM, 40 bytes, Stack size 4 bytes, delay.o(.text))
<BR><BR>[Stack]<UL><LI>Max Depth = 4<LI>Call Chain = delay_ms
</UL>
<BR>[Calls]<UL><LI><a href="#[d]">&gt;&gt;</a>&nbsp;&nbsp;&nbsp;delay_us
</UL>
<BR>[Called By]<UL><LI><a href="#[18]">&gt;&gt;</a>&nbsp;&nbsp;&nbsp;menuScreen
<LI><a href="#[e]">&gt;&gt;</a>&nbsp;&nbsp;&nbsp;InitLcd
</UL>

<P><STRONG><a name="[1d]"></a>InitSpi</STRONG> (ARM, 160 bytes, Stack size 0 bytes, lcd.o(.text))
<BR><BR>[Called By]<UL><LI><a href="#[8]">&gt;&gt;</a>&nbsp;&nbsp;&nbsp;main
</UL>

<P><STRONG><a name="[f]"></a>WriteSpiCommand</STRONG> (ARM, 48 bytes, Stack size 8 bytes, lcd.o(.text))
<BR><BR>[Stack]<UL><LI>Max Depth = 8<LI>Call Chain = WriteSpiCommand
</UL>
<BR>[Called By]<UL><LI><a href="#[15]">&gt;&gt;</a>&nbsp;&nbsp;&nbsp;LCDPutChar
<LI><a href="#[12]">&gt;&gt;</a>&nbsp;&nbsp;&nbsp;LCDSetPixel
<LI><a href="#[11]">&gt;&gt;</a>&nbsp;&nbsp;&nbsp;LCDClearScreen
<LI><a href="#[e]">&gt;&gt;</a>&nbsp;&nbsp;&nbsp;InitLcd
</UL>

<P><STRONG><a name="[10]"></a>WriteSpiData</STRONG> (ARM, 48 bytes, Stack size 8 bytes, lcd.o(.text))
<BR><BR>[Stack]<UL><LI>Max Depth = 8<LI>Call Chain = WriteSpiData
</UL>
<BR>[Called By]<UL><LI><a href="#[15]">&gt;&gt;</a>&nbsp;&nbsp;&nbsp;LCDPutChar
<LI><a href="#[12]">&gt;&gt;</a>&nbsp;&nbsp;&nbsp;LCDSetPixel
<LI><a href="#[11]">&gt;&gt;</a>&nbsp;&nbsp;&nbsp;LCDClearScreen
<LI><a href="#[e]">&gt;&gt;</a>&nbsp;&nbsp;&nbsp;InitLcd
</UL>

<P><STRONG><a name="[e]"></a>InitLcd</STRONG> (ARM, 208 bytes, Stack size 16 bytes, lcd.o(.text))
<BR><BR>[Stack]<UL><LI>Max Depth = 24<LI>Call Chain = InitLcd &rArr; WriteSpiData
</UL>
<BR>[Calls]<UL><LI><a href="#[10]">&gt;&gt;</a>&nbsp;&nbsp;&nbsp;WriteSpiData
<LI><a href="#[f]">&gt;&gt;</a>&nbsp;&nbsp;&nbsp;WriteSpiCommand
<LI><a href="#[c]">&gt;&gt;</a>&nbsp;&nbsp;&nbsp;delay_ms
</UL>
<BR>[Called By]<UL><LI><a href="#[8]">&gt;&gt;</a>&nbsp;&nbsp;&nbsp;main
</UL>

<P><STRONG><a name="[11]"></a>LCDClearScreen</STRONG> (ARM, 108 bytes, Stack size 4 bytes, lcd.o(.text))
<BR><BR>[Stack]<UL><LI>Max Depth = 12<LI>Call Chain = LCDClearScreen &rArr; WriteSpiData
</UL>
<BR>[Calls]<UL><LI><a href="#[10]">&gt;&gt;</a>&nbsp;&nbsp;&nbsp;WriteSpiData
<LI><a href="#[f]">&gt;&gt;</a>&nbsp;&nbsp;&nbsp;WriteSpiCommand
</UL>
<BR>[Called By]<UL><LI><a href="#[8]">&gt;&gt;</a>&nbsp;&nbsp;&nbsp;main
<LI><a href="#[1c]">&gt;&gt;</a>&nbsp;&nbsp;&nbsp;helloScreen
<LI><a href="#[18]">&gt;&gt;</a>&nbsp;&nbsp;&nbsp;menuScreen
<LI><a href="#[1b]">&gt;&gt;</a>&nbsp;&nbsp;&nbsp;gameScreen
<LI><a href="#[19]">&gt;&gt;</a>&nbsp;&nbsp;&nbsp;highScoreScreen
<LI><a href="#[17]">&gt;&gt;</a>&nbsp;&nbsp;&nbsp;optionScreen
</UL>

<P><STRONG><a name="[12]"></a>LCDSetPixel</STRONG> (ARM, 112 bytes, Stack size 8 bytes, lcd.o(.text))
<BR><BR>[Stack]<UL><LI>Max Depth = 16<LI>Call Chain = LCDSetPixel &rArr; WriteSpiData
</UL>
<BR>[Calls]<UL><LI><a href="#[10]">&gt;&gt;</a>&nbsp;&nbsp;&nbsp;WriteSpiData
<LI><a href="#[f]">&gt;&gt;</a>&nbsp;&nbsp;&nbsp;WriteSpiCommand
</UL>
<BR>[Called By]<UL><LI><a href="#[14]">&gt;&gt;</a>&nbsp;&nbsp;&nbsp;LCDSetCircle
<LI><a href="#[13]">&gt;&gt;</a>&nbsp;&nbsp;&nbsp;LCDSetLine
</UL>

<P><STRONG><a name="[13]"></a>LCDSetLine</STRONG> (ARM, 196 bytes, Stack size 36 bytes, lcd.o(.text))
<BR><BR>[Stack]<UL><LI>Max Depth = 52<LI>Call Chain = LCDSetLine &rArr; LCDSetPixel &rArr; WriteSpiData
</UL>
<BR>[Calls]<UL><LI><a href="#[12]">&gt;&gt;</a>&nbsp;&nbsp;&nbsp;LCDSetPixel
</UL>
<BR>[Called By]<UL><LI><a href="#[1a]">&gt;&gt;</a>&nbsp;&nbsp;&nbsp;drawGameNet
</UL>

<P><STRONG><a name="[14]"></a>LCDSetCircle</STRONG> (ARM, 312 bytes, Stack size 60 bytes, lcd.o(.text))
<BR><BR>[Stack]<UL><LI>Max Depth = 76<LI>Call Chain = LCDSetCircle &rArr; LCDSetPixel &rArr; WriteSpiData
</UL>
<BR>[Calls]<UL><LI><a href="#[12]">&gt;&gt;</a>&nbsp;&nbsp;&nbsp;LCDSetPixel
</UL>
<BR>[Called By]<UL><LI><a href="#[18]">&gt;&gt;</a>&nbsp;&nbsp;&nbsp;menuScreen
<LI><a href="#[1b]">&gt;&gt;</a>&nbsp;&nbsp;&nbsp;gameScreen
</UL>

<P><STRONG><a name="[15]"></a>LCDPutChar</STRONG> (ARM, 256 bytes, Stack size 48 bytes, lcd.o(.text))
<BR><BR>[Stack]<UL><LI>Max Depth = 56<LI>Call Chain = LCDPutChar &rArr; WriteSpiData
</UL>
<BR>[Calls]<UL><LI><a href="#[10]">&gt;&gt;</a>&nbsp;&nbsp;&nbsp;WriteSpiData
<LI><a href="#[f]">&gt;&gt;</a>&nbsp;&nbsp;&nbsp;WriteSpiCommand
</UL>
<BR>[Called By]<UL><LI><a href="#[1b]">&gt;&gt;</a>&nbsp;&nbsp;&nbsp;gameScreen
<LI><a href="#[16]">&gt;&gt;</a>&nbsp;&nbsp;&nbsp;LCDPutStr
</UL>

<P><STRONG><a name="[16]"></a>LCDPutStr</STRONG> (ARM, 96 bytes, Stack size 36 bytes, lcd.o(.text))
<BR><BR>[Stack]<UL><LI>Max Depth = 92<LI>Call Chain = LCDPutStr &rArr; LCDPutChar &rArr; WriteSpiData
</UL>
<BR>[Calls]<UL><LI><a href="#[15]">&gt;&gt;</a>&nbsp;&nbsp;&nbsp;LCDPutChar
</UL>
<BR>[Called By]<UL><LI><a href="#[1c]">&gt;&gt;</a>&nbsp;&nbsp;&nbsp;helloScreen
<LI><a href="#[18]">&gt;&gt;</a>&nbsp;&nbsp;&nbsp;menuScreen
<LI><a href="#[1b]">&gt;&gt;</a>&nbsp;&nbsp;&nbsp;gameScreen
<LI><a href="#[19]">&gt;&gt;</a>&nbsp;&nbsp;&nbsp;highScoreScreen
<LI><a href="#[17]">&gt;&gt;</a>&nbsp;&nbsp;&nbsp;optionScreen
</UL>

<P><STRONG><a name="[17]"></a>optionScreen</STRONG> (ARM, 56 bytes, Stack size 16 bytes, main.o(.text))
<BR><BR>[Stack]<UL><LI>Max Depth = 108 + In Cycle
<LI>Call Chain = optionScreen &rArr;  menuScreen (Cycle)
</UL>
<BR>[Calls]<UL><LI><a href="#[18]">&gt;&gt;</a>&nbsp;&nbsp;&nbsp;menuScreen
<LI><a href="#[16]">&gt;&gt;</a>&nbsp;&nbsp;&nbsp;LCDPutStr
<LI><a href="#[11]">&gt;&gt;</a>&nbsp;&nbsp;&nbsp;LCDClearScreen
</UL>
<BR>[Called By]<UL><LI><a href="#[18]">&gt;&gt;</a>&nbsp;&nbsp;&nbsp;menuScreen
</UL>

<P><STRONG><a name="[19]"></a>highScoreScreen</STRONG> (ARM, 56 bytes, Stack size 16 bytes, main.o(.text))
<BR><BR>[Stack]<UL><LI>Max Depth = 108 + In Cycle
<LI>Call Chain = highScoreScreen &rArr;  menuScreen (Cycle)
</UL>
<BR>[Calls]<UL><LI><a href="#[18]">&gt;&gt;</a>&nbsp;&nbsp;&nbsp;menuScreen
<LI><a href="#[16]">&gt;&gt;</a>&nbsp;&nbsp;&nbsp;LCDPutStr
<LI><a href="#[11]">&gt;&gt;</a>&nbsp;&nbsp;&nbsp;LCDClearScreen
</UL>
<BR>[Called By]<UL><LI><a href="#[18]">&gt;&gt;</a>&nbsp;&nbsp;&nbsp;menuScreen
</UL>

<P><STRONG><a name="[1a]"></a>drawGameNet</STRONG> (ARM, 132 bytes, Stack size 16 bytes, main.o(.text))
<BR><BR>[Stack]<UL><LI>Max Depth = 68<LI>Call Chain = drawGameNet &rArr; LCDSetLine &rArr; LCDSetPixel &rArr; WriteSpiData
</UL>
<BR>[Calls]<UL><LI><a href="#[13]">&gt;&gt;</a>&nbsp;&nbsp;&nbsp;LCDSetLine
</UL>
<BR>[Called By]<UL><LI><a href="#[1b]">&gt;&gt;</a>&nbsp;&nbsp;&nbsp;gameScreen
</UL>

<P><STRONG><a name="[1b]"></a>gameScreen</STRONG> (ARM, 668 bytes, Stack size 16 bytes, main.o(.text))
<BR><BR>[Stack]<UL><LI>Max Depth = 108 + In Cycle
<LI>Call Chain = gameScreen &rArr;  helloScreen (Cycle)
</UL>
<BR>[Calls]<UL><LI><a href="#[1c]">&gt;&gt;</a>&nbsp;&nbsp;&nbsp;helloScreen
<LI><a href="#[1a]">&gt;&gt;</a>&nbsp;&nbsp;&nbsp;drawGameNet
<LI><a href="#[16]">&gt;&gt;</a>&nbsp;&nbsp;&nbsp;LCDPutStr
<LI><a href="#[15]">&gt;&gt;</a>&nbsp;&nbsp;&nbsp;LCDPutChar
<LI><a href="#[14]">&gt;&gt;</a>&nbsp;&nbsp;&nbsp;LCDSetCircle
<LI><a href="#[11]">&gt;&gt;</a>&nbsp;&nbsp;&nbsp;LCDClearScreen
</UL>
<BR>[Called By]<UL><LI><a href="#[18]">&gt;&gt;</a>&nbsp;&nbsp;&nbsp;menuScreen
</UL>

<P><STRONG><a name="[18]"></a>menuScreen</STRONG> (ARM, 432 bytes, Stack size 24 bytes, main.o(.text))
<BR><BR>[Stack]<UL><LI>Max Depth = 132 + In Cycle
<LI>Call Chain = menuScreen &rArr;  helloScreen (Cycle)
</UL>
<BR>[Calls]<UL><LI><a href="#[1c]">&gt;&gt;</a>&nbsp;&nbsp;&nbsp;helloScreen
<LI><a href="#[1b]">&gt;&gt;</a>&nbsp;&nbsp;&nbsp;gameScreen
<LI><a href="#[19]">&gt;&gt;</a>&nbsp;&nbsp;&nbsp;highScoreScreen
<LI><a href="#[17]">&gt;&gt;</a>&nbsp;&nbsp;&nbsp;optionScreen
<LI><a href="#[16]">&gt;&gt;</a>&nbsp;&nbsp;&nbsp;LCDPutStr
<LI><a href="#[14]">&gt;&gt;</a>&nbsp;&nbsp;&nbsp;LCDSetCircle
<LI><a href="#[11]">&gt;&gt;</a>&nbsp;&nbsp;&nbsp;LCDClearScreen
<LI><a href="#[c]">&gt;&gt;</a>&nbsp;&nbsp;&nbsp;delay_ms
</UL>
<BR>[Called By]<UL><LI><a href="#[1c]">&gt;&gt;</a>&nbsp;&nbsp;&nbsp;helloScreen
<LI><a href="#[19]">&gt;&gt;</a>&nbsp;&nbsp;&nbsp;highScoreScreen
<LI><a href="#[17]">&gt;&gt;</a>&nbsp;&nbsp;&nbsp;optionScreen
</UL>

<P><STRONG><a name="[1c]"></a>helloScreen</STRONG> (ARM, 68 bytes, Stack size 16 bytes, main.o(.text))
<BR><BR>[Stack]<UL><LI>Max Depth = 148<LI>Call Chain = helloScreen &rArr; menuScreen &rArr;  helloScreen (Cycle)
</UL>
<BR>[Calls]<UL><LI><a href="#[18]">&gt;&gt;</a>&nbsp;&nbsp;&nbsp;menuScreen
<LI><a href="#[16]">&gt;&gt;</a>&nbsp;&nbsp;&nbsp;LCDPutStr
<LI><a href="#[11]">&gt;&gt;</a>&nbsp;&nbsp;&nbsp;LCDClearScreen
</UL>
<BR>[Called By]<UL><LI><a href="#[8]">&gt;&gt;</a>&nbsp;&nbsp;&nbsp;main
<LI><a href="#[18]">&gt;&gt;</a>&nbsp;&nbsp;&nbsp;menuScreen
<LI><a href="#[1b]">&gt;&gt;</a>&nbsp;&nbsp;&nbsp;gameScreen
</UL>

<P><STRONG><a name="[8]"></a>main</STRONG> (ARM, 104 bytes, Stack size 0 bytes, main.o(.text))
<BR><BR>[Stack]<UL><LI>Max Depth = 148<LI>Call Chain = main &rArr; helloScreen &rArr; menuScreen &rArr;  helloScreen (Cycle)
</UL>
<BR>[Calls]<UL><LI><a href="#[1c]">&gt;&gt;</a>&nbsp;&nbsp;&nbsp;helloScreen
<LI><a href="#[11]">&gt;&gt;</a>&nbsp;&nbsp;&nbsp;LCDClearScreen
<LI><a href="#[e]">&gt;&gt;</a>&nbsp;&nbsp;&nbsp;InitLcd
<LI><a href="#[1d]">&gt;&gt;</a>&nbsp;&nbsp;&nbsp;InitSpi
</UL>
<BR>[Address Reference Count : 1]<UL><LI> entry9a.o(.ARM.Collect$$$$0000000B)
</UL>
<P><STRONG><a name="[b]"></a>__scatterload</STRONG> (ARM, 40 bytes, Stack size 0 bytes, init.o(.text))
<BR><BR>[Calls]<UL><LI><a href="#[1e]">&gt;&gt;</a>&nbsp;&nbsp;&nbsp;__main_after_scatterload
</UL>
<BR>[Called By]<UL><LI><a href="#[a]">&gt;&gt;</a>&nbsp;&nbsp;&nbsp;_main_scatterload
</UL>

<P><STRONG><a name="[25]"></a>__scatterload_rt2</STRONG> (ARM, 0 bytes, Stack size 0 bytes, init.o(.text), UNUSED)

<P><STRONG><a name="[26]"></a>__scatterload_copy</STRONG> (ARM, 28 bytes, Stack size unknown bytes, handlers.o(i.__scatterload_copy), UNUSED)

<P><STRONG><a name="[27]"></a>__scatterload_null</STRONG> (ARM, 4 bytes, Stack size unknown bytes, handlers.o(i.__scatterload_null), UNUSED)

<P><STRONG><a name="[28]"></a>__scatterload_zeroinit</STRONG> (ARM, 24 bytes, Stack size unknown bytes, handlers.o(i.__scatterload_zeroinit), UNUSED)
<P>
<H3>
Local Symbols
</H3>
<P><STRONG><a name="[1]"></a>Undef_Handler</STRONG> (ARM, 4 bytes, Stack size unknown bytes, sam7.o(RESET))
<BR><BR>[Calls]<UL><LI><a href="#[1]">&gt;&gt;</a>&nbsp;&nbsp;&nbsp;Undef_Handler
</UL>
<BR>[Called By]<UL><LI><a href="#[1]">&gt;&gt;</a>&nbsp;&nbsp;&nbsp;Undef_Handler
</UL>
<BR>[Address Reference Count : 1]<UL><LI> sam7.o(RESET)
</UL>
<P><STRONG><a name="[2]"></a>SWI_Handler</STRONG> (ARM, 4 bytes, Stack size unknown bytes, sam7.o(RESET))
<BR><BR>[Calls]<UL><LI><a href="#[2]">&gt;&gt;</a>&nbsp;&nbsp;&nbsp;SWI_Handler
</UL>
<BR>[Called By]<UL><LI><a href="#[2]">&gt;&gt;</a>&nbsp;&nbsp;&nbsp;SWI_Handler
</UL>
<BR>[Address Reference Count : 1]<UL><LI> sam7.o(RESET)
</UL>
<P><STRONG><a name="[3]"></a>PAbt_Handler</STRONG> (ARM, 4 bytes, Stack size unknown bytes, sam7.o(RESET))
<BR><BR>[Calls]<UL><LI><a href="#[3]">&gt;&gt;</a>&nbsp;&nbsp;&nbsp;PAbt_Handler
</UL>
<BR>[Called By]<UL><LI><a href="#[3]">&gt;&gt;</a>&nbsp;&nbsp;&nbsp;PAbt_Handler
</UL>
<BR>[Address Reference Count : 1]<UL><LI> sam7.o(RESET)
</UL>
<P><STRONG><a name="[4]"></a>DAbt_Handler</STRONG> (ARM, 4 bytes, Stack size unknown bytes, sam7.o(RESET))
<BR><BR>[Calls]<UL><LI><a href="#[4]">&gt;&gt;</a>&nbsp;&nbsp;&nbsp;DAbt_Handler
</UL>
<BR>[Called By]<UL><LI><a href="#[4]">&gt;&gt;</a>&nbsp;&nbsp;&nbsp;DAbt_Handler
</UL>
<BR>[Address Reference Count : 1]<UL><LI> sam7.o(RESET)
</UL>
<P><STRONG><a name="[5]"></a>IRQ_Handler</STRONG> (ARM, 4 bytes, Stack size unknown bytes, sam7.o(RESET))
<BR><BR>[Calls]<UL><LI><a href="#[5]">&gt;&gt;</a>&nbsp;&nbsp;&nbsp;IRQ_Handler
</UL>
<BR>[Called By]<UL><LI><a href="#[5]">&gt;&gt;</a>&nbsp;&nbsp;&nbsp;IRQ_Handler
</UL>
<BR>[Address Reference Count : 1]<UL><LI> sam7.o(RESET)
</UL>
<P><STRONG><a name="[6]"></a>FIQ_Handler</STRONG> (ARM, 4 bytes, Stack size unknown bytes, sam7.o(RESET))
<BR><BR>[Calls]<UL><LI><a href="#[6]">&gt;&gt;</a>&nbsp;&nbsp;&nbsp;FIQ_Handler
</UL>
<BR>[Called By]<UL><LI><a href="#[6]">&gt;&gt;</a>&nbsp;&nbsp;&nbsp;FIQ_Handler
</UL>
<BR>[Address Reference Count : 1]<UL><LI> sam7.o(RESET)
</UL><P>
<H3>
Undefined Global Symbols
</H3><HR></body></html>
