Component: ARM Compiler 5.06 update 3 (build 300) Tool: armlink [4d35c9]

==============================================================================

Section Cross References

    sam7.o(STACK) refers (Special) to heapauxi.o(.text) for __use_two_region_memory
    sam7.o(HEAP) refers (Special) to heapauxi.o(.text) for __use_two_region_memory
    sam7.o(RESET) refers (Special) to heapauxi.o(.text) for __use_two_region_memory
    sam7.o(RESET) refers to sam7.o(STACK) for Stack_Top
    sam7.o(RESET) refers to __main.o(!!!main) for __main
    sam7.o(.text) refers (Special) to heapauxi.o(.text) for __use_two_region_memory
    sam7.o(.text) refers to sam7.o(HEAP) for Heap_Mem
    sam7.o(.text) refers to sam7.o(STACK) for Stack_Mem
    main.o(i.gameScreen) refers to lcd.o(i.LCDPutStr) for LCDPutStr
    main.o(i.gameScreen) refers to main.o(i.menuScreen) for menuScreen
    main.o(i.helloScreen) refers to lcd.o(i.LCDClearScreen) for LCDClearScreen
    main.o(i.helloScreen) refers to lcd.o(i.LCDWrite130x130bmp) for LCDWrite130x130bmp
    main.o(i.helloScreen) refers to lcd.o(i.LCDPutStr) for LCDPutStr
    main.o(i.helloScreen) refers to main.o(i.menuScreen) for menuScreen
    main.o(i.highScoreScreen) refers to lcd.o(i.LCDPutStr) for LCDPutStr
    main.o(i.highScoreScreen) refers to main.o(i.menuScreen) for menuScreen
    main.o(i.main) refers to main.o(i.helloScreen) for helloScreen
    main.o(i.menuScreen) refers to lcd.o(i.LCDClearScreen) for LCDClearScreen
    main.o(i.menuScreen) refers to lcd.o(i.LCDPutStr) for LCDPutStr
    main.o(i.menuScreen) refers to main.o(i.gameScreen) for gameScreen
    main.o(i.menuScreen) refers to lcd.o(i.LCDSetRect) for LCDSetRect
    main.o(i.menuScreen) refers to main.o(i.highScoreScreen) for highScoreScreen
    main.o(i.menuScreen) refers to main.o(i.optionScreen) for optionScreen
    main.o(i.optionScreen) refers to lcd.o(i.LCDPutStr) for LCDPutStr
    main.o(i.optionScreen) refers to main.o(i.menuScreen) for menuScreen
    adc.o(i.GetAdcChanel) refers to adc.o(.data) for a_pADC
    adc.o(i.GetAdcChanel_wersja2) refers to adc.o(.data) for a_pADC
    adc.o(i.InitADC) refers to adc.o(.data) for a_pPMC
    delay.o(i.delay_ms) refers to delay.o(i.delay_us) for delay_us
    delay.o(i.delay_s) refers to delay.o(i.delay_ms) for delay_ms
    delay.o(i.delay_us) refers to delay.o(i.delay_us_core) for delay_us_core
    lcd.o(i.Backlight) refers to lcd.o(.data) for pPIOB
    lcd.o(i.InitLcd) refers to delay.o(i.delay_ms) for delay_ms
    lcd.o(i.InitLcd) refers to lcd.o(i.WriteSpiCommand) for WriteSpiCommand
    lcd.o(i.InitLcd) refers to lcd.o(i.WriteSpiData) for WriteSpiData
    lcd.o(i.InitLcd) refers to lcd.o(.data) for pPIOA
    lcd.o(i.InitSpi) refers to lcd.o(.data) for pPIOB
    lcd.o(i.LCDClearScreen) refers to lcd.o(i.WriteSpiCommand) for WriteSpiCommand
    lcd.o(i.LCDClearScreen) refers to lcd.o(i.WriteSpiData) for WriteSpiData
    lcd.o(i.LCDPutChar) refers to lcd.o(i.WriteSpiCommand) for WriteSpiCommand
    lcd.o(i.LCDPutChar) refers to lcd.o(i.WriteSpiData) for WriteSpiData
    lcd.o(i.LCDPutChar) refers to lcd.o(.constdata) for .constdata
    lcd.o(i.LCDPutStr) refers to lcd.o(i.LCDPutChar) for LCDPutChar
    lcd.o(i.LCDSetCircle) refers to lcd.o(i.LCDSetPixel) for LCDSetPixel
    lcd.o(i.LCDSetLine) refers to lcd.o(i.LCDSetPixel) for LCDSetPixel
    lcd.o(i.LCDSetPixel) refers to lcd.o(i.WriteSpiCommand) for WriteSpiCommand
    lcd.o(i.LCDSetPixel) refers to lcd.o(i.WriteSpiData) for WriteSpiData
    lcd.o(i.LCDSetRect) refers to lcd.o(i.WriteSpiCommand) for WriteSpiCommand
    lcd.o(i.LCDSetRect) refers to lcd.o(i.WriteSpiData) for WriteSpiData
    lcd.o(i.LCDSetRect) refers to lcd.o(i.LCDSetLine) for LCDSetLine
    lcd.o(i.LCDWrite130x130bmp) refers to lcd.o(i.WriteSpiCommand) for WriteSpiCommand
    lcd.o(i.LCDWrite130x130bmp) refers to lcd.o(i.WriteSpiData) for WriteSpiData
    lcd.o(i.LCDWrite130x130bmp) refers to lcd.o(.constdata) for bmp
    lcd.o(i.WriteSpiCommand) refers to lcd.o(.data) for pSPI
    lcd.o(i.WriteSpiData) refers to lcd.o(.data) for pSPI
    __main.o(!!!main) refers to __rtentry.o(.ARM.Collect$$rtentry$$00000000) for __rt_entry
    __rtentry.o(.ARM.Collect$$rtentry$$00000000) refers (Special) to __rtentry2.o(.ARM.Collect$$rtentry$$0000000A) for __rt_entry_li
    __rtentry.o(.ARM.Collect$$rtentry$$00000000) refers (Special) to __rtentry2.o(.ARM.Collect$$rtentry$$0000000D) for __rt_entry_main
    __rtentry.o(.ARM.Collect$$rtentry$$00000000) refers (Special) to __rtentry2.o(.ARM.Collect$$rtentry$$0000000C) for __rt_entry_postli_1
    __rtentry.o(.ARM.Collect$$rtentry$$00000000) refers (Special) to __rtentry2.o(.ARM.Collect$$rtentry$$00000009) for __rt_entry_postsh_1
    __rtentry.o(.ARM.Collect$$rtentry$$00000000) refers (Special) to __rtentry2.o(.ARM.Collect$$rtentry$$00000002) for __rt_entry_presh_1
    __rtentry.o(.ARM.Collect$$rtentry$$00000000) refers (Special) to __rtentry4.o(.ARM.Collect$$rtentry$$00000004) for __rt_entry_sh
    __rtentry2.o(.ARM.Collect$$rtentry$$00000008) refers to boardinit2.o(.text) for _platform_post_stackheap_init
    __rtentry2.o(.ARM.Collect$$rtentry$$0000000A) refers to libinit.o(.ARM.Collect$$libinit$$00000000) for __rt_lib_init
    __rtentry2.o(.ARM.Collect$$rtentry$$0000000B) refers to boardinit3.o(.text) for _platform_post_lib_init
    __rtentry2.o(.ARM.Collect$$rtentry$$0000000D) refers to exit.o(.text) for exit
    __rtentry2.o(.ARM.Collect$$rtentry$$0000000D) refers to main.o(i.main) for main
    __rtentry2.o(.ARM.exidx) refers to __rtentry2.o(.ARM.Collect$$rtentry$$00000001) for .ARM.Collect$$rtentry$$00000001
    __rtentry2.o(.ARM.exidx) refers to __rtentry2.o(.ARM.Collect$$rtentry$$00000008) for .ARM.Collect$$rtentry$$00000008
    __rtentry2.o(.ARM.exidx) refers to __rtentry2.o(.ARM.Collect$$rtentry$$0000000A) for .ARM.Collect$$rtentry$$0000000A
    __rtentry2.o(.ARM.exidx) refers to __rtentry2.o(.ARM.Collect$$rtentry$$0000000B) for .ARM.Collect$$rtentry$$0000000B
    __rtentry2.o(.ARM.exidx) refers to __rtentry2.o(.ARM.Collect$$rtentry$$0000000D) for .ARM.Collect$$rtentry$$0000000D
    __rtentry4.o(.ARM.Collect$$rtentry$$00000004) refers to sys_stackheap_outer.o(.text) for __user_setup_stackheap
    __rtentry4.o(.ARM.exidx) refers to __rtentry4.o(.ARM.Collect$$rtentry$$00000004) for .ARM.Collect$$rtentry$$00000004
    sys_stackheap_outer.o(.text) refers to libspace.o(.text) for __user_perproc_libspace
    sys_stackheap_outer.o(.text) refers to sam7.o(.text) for __user_initial_stackheap
    exit.o(.text) refers to rtexit.o(.ARM.Collect$$rtexit$$00000000) for __rt_exit
    libinit.o(.ARM.Collect$$libinit$$00000000) refers (Special) to libinit2.o(.ARM.Collect$$libinit$$0000002E) for __rt_lib_init_alloca_1
    libinit.o(.ARM.Collect$$libinit$$00000000) refers (Special) to libinit2.o(.ARM.Collect$$libinit$$0000002C) for __rt_lib_init_argv_1
    libinit.o(.ARM.Collect$$libinit$$00000000) refers (Special) to libinit2.o(.ARM.Collect$$libinit$$0000001B) for __rt_lib_init_atexit_1
    libinit.o(.ARM.Collect$$libinit$$00000000) refers (Special) to libinit2.o(.ARM.Collect$$libinit$$00000021) for __rt_lib_init_clock_1
    libinit.o(.ARM.Collect$$libinit$$00000000) refers (Special) to libinit2.o(.ARM.Collect$$libinit$$00000032) for __rt_lib_init_cpp_1
    libinit.o(.ARM.Collect$$libinit$$00000000) refers (Special) to libinit2.o(.ARM.Collect$$libinit$$00000030) for __rt_lib_init_exceptions_1
    libinit.o(.ARM.Collect$$libinit$$00000000) refers (Special) to libinit2.o(.ARM.Collect$$libinit$$00000002) for __rt_lib_init_fp_1
    libinit.o(.ARM.Collect$$libinit$$00000000) refers (Special) to libinit2.o(.ARM.Collect$$libinit$$0000001F) for __rt_lib_init_fp_trap_1
    libinit.o(.ARM.Collect$$libinit$$00000000) refers (Special) to libinit2.o(.ARM.Collect$$libinit$$00000023) for __rt_lib_init_getenv_1
    libinit.o(.ARM.Collect$$libinit$$00000000) refers (Special) to libinit2.o(.ARM.Collect$$libinit$$0000000A) for __rt_lib_init_heap_1
    libinit.o(.ARM.Collect$$libinit$$00000000) refers (Special) to libinit2.o(.ARM.Collect$$libinit$$00000011) for __rt_lib_init_lc_collate_1
    libinit.o(.ARM.Collect$$libinit$$00000000) refers (Special) to libinit2.o(.ARM.Collect$$libinit$$00000013) for __rt_lib_init_lc_ctype_1
    libinit.o(.ARM.Collect$$libinit$$00000000) refers (Special) to libinit2.o(.ARM.Collect$$libinit$$00000015) for __rt_lib_init_lc_monetary_1
    libinit.o(.ARM.Collect$$libinit$$00000000) refers (Special) to libinit2.o(.ARM.Collect$$libinit$$00000017) for __rt_lib_init_lc_numeric_1
    libinit.o(.ARM.Collect$$libinit$$00000000) refers (Special) to libinit2.o(.ARM.Collect$$libinit$$00000019) for __rt_lib_init_lc_time_1
    libinit.o(.ARM.Collect$$libinit$$00000000) refers (Special) to libinit2.o(.ARM.Collect$$libinit$$00000004) for __rt_lib_init_preinit_1
    libinit.o(.ARM.Collect$$libinit$$00000000) refers (Special) to libinit2.o(.ARM.Collect$$libinit$$0000000E) for __rt_lib_init_rand_1
    libinit.o(.ARM.Collect$$libinit$$00000000) refers (Special) to libinit2.o(.ARM.Collect$$libinit$$00000033) for __rt_lib_init_return
    libinit.o(.ARM.Collect$$libinit$$00000000) refers (Special) to libinit2.o(.ARM.Collect$$libinit$$0000001D) for __rt_lib_init_signal_1
    libinit.o(.ARM.Collect$$libinit$$00000000) refers (Special) to libinit2.o(.ARM.Collect$$libinit$$00000025) for __rt_lib_init_stdio_1
    libinit.o(.ARM.Collect$$libinit$$00000000) refers (Special) to libinit2.o(.ARM.Collect$$libinit$$0000000C) for __rt_lib_init_user_alloc_1
    libspace.o(.text) refers to libspace.o(.bss) for __libspace_start
    rtexit.o(.ARM.Collect$$rtexit$$00000000) refers (Special) to rtexit2.o(.ARM.Collect$$rtexit$$00000004) for __rt_exit_exit
    rtexit.o(.ARM.Collect$$rtexit$$00000000) refers (Special) to rtexit2.o(.ARM.Collect$$rtexit$$00000003) for __rt_exit_ls
    rtexit.o(.ARM.Collect$$rtexit$$00000000) refers (Special) to rtexit2.o(.ARM.Collect$$rtexit$$00000002) for __rt_exit_prels_1
    rtexit.o(.ARM.exidx) refers (Special) to rtexit2.o(.ARM.Collect$$rtexit$$00000004) for __rt_exit_exit
    rtexit.o(.ARM.exidx) refers (Special) to rtexit2.o(.ARM.Collect$$rtexit$$00000003) for __rt_exit_ls
    rtexit.o(.ARM.exidx) refers (Special) to rtexit2.o(.ARM.Collect$$rtexit$$00000002) for __rt_exit_prels_1
    rtexit.o(.ARM.exidx) refers to rtexit.o(.ARM.Collect$$rtexit$$00000000) for .ARM.Collect$$rtexit$$00000000
    libinit2.o(.ARM.Collect$$libinit$$00000001) refers to fpinit.o(x$fpl$fpinit) for _fp_init
    libinit2.o(.ARM.Collect$$libinit$$00000010) refers to libinit2.o(.ARM.Collect$$libinit$$0000000F) for .ARM.Collect$$libinit$$0000000F
    libinit2.o(.ARM.Collect$$libinit$$00000012) refers to libinit2.o(.ARM.Collect$$libinit$$0000000F) for .ARM.Collect$$libinit$$0000000F
    libinit2.o(.ARM.Collect$$libinit$$00000014) refers to libinit2.o(.ARM.Collect$$libinit$$0000000F) for .ARM.Collect$$libinit$$0000000F
    libinit2.o(.ARM.Collect$$libinit$$00000016) refers to libinit2.o(.ARM.Collect$$libinit$$0000000F) for .ARM.Collect$$libinit$$0000000F
    libinit2.o(.ARM.Collect$$libinit$$00000018) refers to libinit2.o(.ARM.Collect$$libinit$$0000000F) for .ARM.Collect$$libinit$$0000000F
    libinit2.o(.ARM.Collect$$libinit$$00000026) refers to argv_veneer.o(.emb_text) for __ARM_argv_veneer
    libinit2.o(.ARM.Collect$$libinit$$00000027) refers to argv_veneer.o(.emb_text) for __ARM_argv_veneer
    rtexit2.o(.ARM.Collect$$rtexit$$00000003) refers to libshutdown.o(.ARM.Collect$$libshutdown$$00000000) for __rt_lib_shutdown
    rtexit2.o(.ARM.Collect$$rtexit$$00000004) refers to sys_exit.o(.text) for _sys_exit
    rtexit2.o(.ARM.exidx) refers to rtexit2.o(.ARM.Collect$$rtexit$$00000001) for .ARM.Collect$$rtexit$$00000001
    rtexit2.o(.ARM.exidx) refers to rtexit2.o(.ARM.Collect$$rtexit$$00000003) for .ARM.Collect$$rtexit$$00000003
    rtexit2.o(.ARM.exidx) refers to rtexit2.o(.ARM.Collect$$rtexit$$00000004) for .ARM.Collect$$rtexit$$00000004
    argv_veneer.o(.emb_text) refers to no_argv.o(.text) for __ARM_get_argv
    sys_exit.o(.text) refers (Special) to use_no_semi.o(.text) for __I$use$semihosting
    sys_exit.o(.text) refers (Special) to indicate_semi.o(.text) for __semihosting_library_function
    _get_argv_nomalloc.o(.text) refers (Special) to hrguard.o(.text) for __heap_region$guard
    _get_argv_nomalloc.o(.text) refers to defsig_rtmem_outer.o(.text) for __rt_SIGRTMEM
    _get_argv_nomalloc.o(.text) refers to sys_command.o(.text) for _sys_command_string
    libshutdown.o(.ARM.Collect$$libshutdown$$00000000) refers (Special) to libshutdown2.o(.ARM.Collect$$libshutdown$$00000002) for __rt_lib_shutdown_cpp_1
    libshutdown.o(.ARM.Collect$$libshutdown$$00000000) refers (Special) to libshutdown2.o(.ARM.Collect$$libshutdown$$00000007) for __rt_lib_shutdown_fp_trap_1
    libshutdown.o(.ARM.Collect$$libshutdown$$00000000) refers (Special) to libshutdown2.o(.ARM.Collect$$libshutdown$$0000000F) for __rt_lib_shutdown_heap_1
    libshutdown.o(.ARM.Collect$$libshutdown$$00000000) refers (Special) to libshutdown2.o(.ARM.Collect$$libshutdown$$00000010) for __rt_lib_shutdown_return
    libshutdown.o(.ARM.Collect$$libshutdown$$00000000) refers (Special) to libshutdown2.o(.ARM.Collect$$libshutdown$$0000000A) for __rt_lib_shutdown_signal_1
    libshutdown.o(.ARM.Collect$$libshutdown$$00000000) refers (Special) to libshutdown2.o(.ARM.Collect$$libshutdown$$00000004) for __rt_lib_shutdown_stdio_1
    libshutdown.o(.ARM.Collect$$libshutdown$$00000000) refers (Special) to libshutdown2.o(.ARM.Collect$$libshutdown$$0000000C) for __rt_lib_shutdown_user_alloc_1
    sys_command.o(.text) refers (Special) to use_no_semi.o(.text) for __I$use$semihosting
    sys_command.o(.text) refers (Special) to indicate_semi.o(.text) for __semihosting_library_function
    defsig_rtmem_outer.o(.text) refers to defsig_rtmem_inner.o(.text) for __rt_SIGRTMEM_inner
    defsig_rtmem_outer.o(.text) refers to defsig_exit.o(.text) for __sig_exit
    defsig_rtmem_formal.o(.text) refers to rt_raise.o(.text) for __rt_raise
    rt_raise.o(.text) refers to __raise.o(.text) for __raise
    rt_raise.o(.text) refers to sys_exit.o(.text) for _sys_exit
    defsig_exit.o(.text) refers to sys_exit.o(.text) for _sys_exit
    defsig_rtmem_inner.o(.text) refers to defsig_general.o(.text) for __default_signal_display
    __raise.o(.text) refers to __raise.o(i.__ARM_common_call_via_r2) for __ARM_common_call_via_r2
    __raise.o(.text) refers to defsig.o(CL$$defsig) for __default_signal_handler
    defsig_general.o(.text) refers to sys_wrch.o(.text) for _ttywrch
    sys_wrch.o(.text) refers (Special) to use_no_semi.o(.text) for __I$use$semihosting
    sys_wrch.o(.text) refers (Special) to indicate_semi.o(.text) for __semihosting_library_function
    defsig.o(CL$$defsig) refers to defsig_rtmem_inner.o(.text) for __rt_SIGRTMEM_inner
    defsig_abrt_inner.o(.text) refers to defsig_general.o(.text) for __default_signal_display
    defsig_fpe_inner.o(.text) refers to defsig_general.o(.text) for __default_signal_display
    defsig_rtred_inner.o(.text) refers to defsig_general.o(.text) for __default_signal_display
    defsig_stak_inner.o(.text) refers to defsig_general.o(.text) for __default_signal_display
    defsig_pvfn_inner.o(.text) refers to defsig_general.o(.text) for __default_signal_display
    defsig_cppl_inner.o(.text) refers to defsig_general.o(.text) for __default_signal_display
    defsig_segv_inner.o(.text) refers to defsig_general.o(.text) for __default_signal_display
    defsig_other.o(.text) refers to defsig_general.o(.text) for __default_signal_display


==============================================================================

Removing Unused input sections from the image.

    Removing sam7.o(RESET), (332 bytes).
    Removing adc.o(i.GetAdcChanel), (308 bytes).
    Removing adc.o(i.GetAdcChanel_wersja2), (88 bytes).
    Removing adc.o(i.InitADC), (80 bytes).
    Removing adc.o(.data), (8 bytes).
    Removing delay.o(i.delay_ms), (44 bytes).
    Removing delay.o(i.delay_s), (44 bytes).
    Removing delay.o(i.delay_us), (40 bytes).
    Removing delay.o(i.delay_us_core), (28 bytes).
    Removing lcd.o(i.Backlight), (52 bytes).
    Removing lcd.o(i.InitLcd), (224 bytes).
    Removing lcd.o(i.InitSpi), (236 bytes).
    Removing lcd.o(i.LCDSetCircle), (308 bytes).

13 unused section(s) (total 1792 bytes) removed from the image.

==============================================================================

Adding Veneers to the image

    Adding AT veneer (8 bytes, Inline) for call to '__rt_lib_init' from __rtentry2.o(.ARM.Collect$$rtentry$$0000000A).
    Adding AT veneer (8 bytes, Inline) for call to '__rt_lib_shutdown' from rtexit2.o(.ARM.Collect$$rtexit$$00000003).
    Adding TA veneer (4 bytes, Inline) for call to '__rt_exit' from exit.o(.text).
    Adding AT veneer (8 bytes, Inline) for call to '_sys_exit' from rtexit2.o(.ARM.Collect$$rtexit$$00000004).

4 Veneer(s) (total 28 bytes) added to the image.

==============================================================================

Image Symbol Table

    Local Symbols

    Symbol Name                              Value     Ov Type        Size  Object(Section)

    ../clib/angel/boardlib.s                 0x00000000   Number         0  boardshut.o ABSOLUTE
    ../clib/angel/boardlib.s                 0x00000000   Number         0  boardinit3.o ABSOLUTE
    ../clib/angel/boardlib.s                 0x00000000   Number         0  boardinit1.o ABSOLUTE
    ../clib/angel/boardlib.s                 0x00000000   Number         0  boardinit2.o ABSOLUTE
    ../clib/angel/handlers.s                 0x00000000   Number         0  __scatter_zi.o ABSOLUTE
    ../clib/angel/handlers.s                 0x00000000   Number         0  __scatter_copy.o ABSOLUTE
    ../clib/angel/kernel.s                   0x00000000   Number         0  rtexit2.o ABSOLUTE
    ../clib/angel/kernel.s                   0x00000000   Number         0  __rtentry4.o ABSOLUTE
    ../clib/angel/kernel.s                   0x00000000   Number         0  __rtentry.o ABSOLUTE
    ../clib/angel/kernel.s                   0x00000000   Number         0  __rtentry2.o ABSOLUTE
    ../clib/angel/kernel.s                   0x00000000   Number         0  rtexit.o ABSOLUTE
    ../clib/angel/rt.s                       0x00000000   Number         0  rt_raise.o ABSOLUTE
    ../clib/angel/scatter.s                  0x00000000   Number         0  __scatter.o ABSOLUTE
    ../clib/angel/startup.s                  0x00000000   Number         0  __main.o ABSOLUTE
    ../clib/angel/sys.s                      0x00000000   Number         0  sys_stackheap_outer.o ABSOLUTE
    ../clib/angel/sys.s                      0x00000000   Number         0  indicate_semi.o ABSOLUTE
    ../clib/angel/sys.s                      0x00000000   Number         0  use_no_semi.o ABSOLUTE
    ../clib/angel/sys.s                      0x00000000   Number         0  libspace.o ABSOLUTE
    ../clib/angel/sysapp.c                   0x00000000   Number         0  sys_exit.o ABSOLUTE
    ../clib/angel/sysapp.c                   0x00000000   Number         0  sys_wrch.o ABSOLUTE
    ../clib/angel/sysapp.c                   0x00000000   Number         0  sys_command.o ABSOLUTE
    ../clib/armsys.c                         0x00000000   Number         0  _get_argv_nomalloc.o ABSOLUTE
    ../clib/armsys.c                         0x00000000   Number         0  argv_veneer.o ABSOLUTE
    ../clib/armsys.c                         0x00000000   Number         0  no_argv.o ABSOLUTE
    ../clib/armsys.c                         0x00000000   Number         0  argv_veneer.o ABSOLUTE
    ../clib/heapalloc.c                      0x00000000   Number         0  hrguard.o ABSOLUTE
    ../clib/heapaux.c                        0x00000000   Number         0  heapauxi.o ABSOLUTE
    ../clib/libinit.s                        0x00000000   Number         0  libinit2.o ABSOLUTE
    ../clib/libinit.s                        0x00000000   Number         0  libshutdown2.o ABSOLUTE
    ../clib/libinit.s                        0x00000000   Number         0  libinit.o ABSOLUTE
    ../clib/libinit.s                        0x00000000   Number         0  libshutdown.o ABSOLUTE
    ../clib/signal.c                         0x00000000   Number         0  defsig_exit.o ABSOLUTE
    ../clib/signal.c                         0x00000000   Number         0  defsig_rtmem_formal.o ABSOLUTE
    ../clib/signal.c                         0x00000000   Number         0  defsig_rtmem_outer.o ABSOLUTE
    ../clib/signal.c                         0x00000000   Number         0  defsig_general.o ABSOLUTE
    ../clib/signal.c                         0x00000000   Number         0  defsig_other.o ABSOLUTE
    ../clib/signal.c                         0x00000000   Number         0  defsig_segv_inner.o ABSOLUTE
    ../clib/signal.c                         0x00000000   Number         0  defsig_cppl_inner.o ABSOLUTE
    ../clib/signal.c                         0x00000000   Number         0  defsig_stak_inner.o ABSOLUTE
    ../clib/signal.c                         0x00000000   Number         0  defsig_rtred_inner.o ABSOLUTE
    ../clib/signal.c                         0x00000000   Number         0  defsig_fpe_inner.o ABSOLUTE
    ../clib/signal.c                         0x00000000   Number         0  defsig_abrt_inner.o ABSOLUTE
    ../clib/signal.c                         0x00000000   Number         0  defsig_pvfn_inner.o ABSOLUTE
    ../clib/signal.c                         0x00000000   Number         0  __raise.o ABSOLUTE
    ../clib/signal.c                         0x00000000   Number         0  defsig_rtmem_inner.o ABSOLUTE
    ../clib/signal.s                         0x00000000   Number         0  defsig.o ABSOLUTE
    ../clib/stdlib.c                         0x00000000   Number         0  exit.o ABSOLUTE
    ../fplib/fpinit.s                        0x00000000   Number         0  fpinit.o ABSOLUTE
    SAM7.s                                   0x00000000   Number         0  sam7.o ABSOLUTE
    adc.c                                    0x00000000   Number         0  adc.o ABSOLUTE
    dc.s                                     0x00000000   Number         0  dc.o ABSOLUTE
    delay.c                                  0x00000000   Number         0  delay.o ABSOLUTE
    lcd.c                                    0x00000000   Number         0  lcd.o ABSOLUTE
    main.c                                   0x00000000   Number         0  main.o ABSOLUTE
    !!!main                                  0x00100000   Section        8  __main.o(!!!main)
    !!!scatter                               0x00100008   Section       60  __scatter.o(!!!scatter)
    !!handler_copy                           0x00100044   Section       40  __scatter_copy.o(!!handler_copy)
    !!handler_zi                             0x0010006c   Section       44  __scatter_zi.o(!!handler_zi)
    .ARM.Collect$$libinit$$00000000          0x001000a0   Section        2  libinit.o(.ARM.Collect$$libinit$$00000000)
    .ARM.Collect$$libinit$$00000002          0x001000a2   Section        0  libinit2.o(.ARM.Collect$$libinit$$00000002)
    .ARM.Collect$$libinit$$00000004          0x001000a2   Section        0  libinit2.o(.ARM.Collect$$libinit$$00000004)
    .ARM.Collect$$libinit$$0000000A          0x001000a2   Section        0  libinit2.o(.ARM.Collect$$libinit$$0000000A)
    .ARM.Collect$$libinit$$0000000C          0x001000a2   Section        0  libinit2.o(.ARM.Collect$$libinit$$0000000C)
    .ARM.Collect$$libinit$$0000000E          0x001000a2   Section        0  libinit2.o(.ARM.Collect$$libinit$$0000000E)
    .ARM.Collect$$libinit$$00000011          0x001000a2   Section        0  libinit2.o(.ARM.Collect$$libinit$$00000011)
    .ARM.Collect$$libinit$$00000013          0x001000a2   Section        0  libinit2.o(.ARM.Collect$$libinit$$00000013)
    .ARM.Collect$$libinit$$00000015          0x001000a2   Section        0  libinit2.o(.ARM.Collect$$libinit$$00000015)
    .ARM.Collect$$libinit$$00000017          0x001000a2   Section        0  libinit2.o(.ARM.Collect$$libinit$$00000017)
    .ARM.Collect$$libinit$$00000019          0x001000a2   Section        0  libinit2.o(.ARM.Collect$$libinit$$00000019)
    .ARM.Collect$$libinit$$0000001B          0x001000a2   Section        0  libinit2.o(.ARM.Collect$$libinit$$0000001B)
    .ARM.Collect$$libinit$$0000001D          0x001000a2   Section        0  libinit2.o(.ARM.Collect$$libinit$$0000001D)
    .ARM.Collect$$libinit$$0000001F          0x001000a2   Section        0  libinit2.o(.ARM.Collect$$libinit$$0000001F)
    .ARM.Collect$$libinit$$00000021          0x001000a2   Section        0  libinit2.o(.ARM.Collect$$libinit$$00000021)
    .ARM.Collect$$libinit$$00000023          0x001000a2   Section        0  libinit2.o(.ARM.Collect$$libinit$$00000023)
    .ARM.Collect$$libinit$$00000025          0x001000a2   Section        0  libinit2.o(.ARM.Collect$$libinit$$00000025)
    .ARM.Collect$$libinit$$0000002C          0x001000a2   Section        0  libinit2.o(.ARM.Collect$$libinit$$0000002C)
    .ARM.Collect$$libinit$$0000002E          0x001000a2   Section        0  libinit2.o(.ARM.Collect$$libinit$$0000002E)
    .ARM.Collect$$libinit$$00000030          0x001000a2   Section        0  libinit2.o(.ARM.Collect$$libinit$$00000030)
    .ARM.Collect$$libinit$$00000032          0x001000a2   Section        0  libinit2.o(.ARM.Collect$$libinit$$00000032)
    .ARM.Collect$$libinit$$00000033          0x001000a2   Section       12  libinit2.o(.ARM.Collect$$libinit$$00000033)
    .ARM.Collect$$libshutdown$$00000000      0x001000b8   Section        4  libshutdown.o(.ARM.Collect$$libshutdown$$00000000)
    .ARM.Collect$$libshutdown$$00000002      0x001000bc   Section        0  libshutdown2.o(.ARM.Collect$$libshutdown$$00000002)
    .ARM.Collect$$libshutdown$$00000004      0x001000bc   Section        0  libshutdown2.o(.ARM.Collect$$libshutdown$$00000004)
    .ARM.Collect$$libshutdown$$00000007      0x001000bc   Section        0  libshutdown2.o(.ARM.Collect$$libshutdown$$00000007)
    .ARM.Collect$$libshutdown$$0000000A      0x001000bc   Section        0  libshutdown2.o(.ARM.Collect$$libshutdown$$0000000A)
    .ARM.Collect$$libshutdown$$0000000C      0x001000bc   Section        0  libshutdown2.o(.ARM.Collect$$libshutdown$$0000000C)
    .ARM.Collect$$libshutdown$$0000000F      0x001000bc   Section        0  libshutdown2.o(.ARM.Collect$$libshutdown$$0000000F)
    .ARM.Collect$$libshutdown$$00000010      0x001000bc   Section        6  libshutdown2.o(.ARM.Collect$$libshutdown$$00000010)
    .ARM.Collect$$rtentry$$00000000          0x001000c4   Section        0  __rtentry.o(.ARM.Collect$$rtentry$$00000000)
    .ARM.Collect$$rtentry$$00000002          0x001000c4   Section        0  __rtentry2.o(.ARM.Collect$$rtentry$$00000002)
    .ARM.Collect$$rtentry$$00000004          0x001000c4   Section        8  __rtentry4.o(.ARM.Collect$$rtentry$$00000004)
    .ARM.Collect$$rtentry$$00000009          0x001000cc   Section        0  __rtentry2.o(.ARM.Collect$$rtentry$$00000009)
    .ARM.Collect$$rtentry$$0000000A          0x001000cc   Section        4  __rtentry2.o(.ARM.Collect$$rtentry$$0000000A)
    .ARM.Collect$$rtentry$$0000000C          0x001000d0   Section        0  __rtentry2.o(.ARM.Collect$$rtentry$$0000000C)
    .ARM.Collect$$rtentry$$0000000D          0x001000d0   Section       40  __rtentry2.o(.ARM.Collect$$rtentry$$0000000D)
    .ARM.Collect$$rtexit$$00000000           0x001000fc   Section        4  rtexit.o(.ARM.Collect$$rtexit$$00000000)
    .ARM.Collect$$rtexit$$00000002           0x00100100   Section        0  rtexit2.o(.ARM.Collect$$rtexit$$00000002)
    .ARM.Collect$$rtexit$$00000003           0x00100100   Section        4  rtexit2.o(.ARM.Collect$$rtexit$$00000003)
    .ARM.Collect$$rtexit$$00000004           0x00100104   Section        8  rtexit2.o(.ARM.Collect$$rtexit$$00000004)
    .text                                    0x0010010c   Section       32  sam7.o(.text)
    .text                                    0x0010012c   Section        0  heapauxi.o(.text)
    .text                                    0x00100134   Section       96  sys_stackheap_outer.o(.text)
    .text                                    0x00100194   Section        0  exit.o(.text)
    .text                                    0x001001a8   Section       12  libspace.o(.text)
    .text                                    0x001001bc   Section        0  sys_exit.o(.text)
    .text                                    0x001001c8   Section        4  use_no_semi.o(.text)
    .text                                    0x001001cc   Section        0  indicate_semi.o(.text)
    i.LCDClearScreen                         0x001001cc   Section        0  lcd.o(i.LCDClearScreen)
    i.LCDPutChar                             0x00100244   Section        0  lcd.o(i.LCDPutChar)
    i.LCDPutStr                              0x001003a4   Section        0  lcd.o(i.LCDPutStr)
    i.LCDSetLine                             0x00100424   Section        0  lcd.o(i.LCDSetLine)
    i.LCDSetPixel                            0x00100514   Section        0  lcd.o(i.LCDSetPixel)
    i.LCDSetRect                             0x00100588   Section        0  lcd.o(i.LCDSetRect)
    i.LCDWrite130x130bmp                     0x00100710   Section        0  lcd.o(i.LCDWrite130x130bmp)
    i.WriteSpiCommand                        0x001007d0   Section        0  lcd.o(i.WriteSpiCommand)
    i.WriteSpiData                           0x00100818   Section        0  lcd.o(i.WriteSpiData)
    i.gameScreen                             0x00100860   Section        0  main.o(i.gameScreen)
    i.helloScreen                            0x001008ac   Section        0  main.o(i.helloScreen)
    i.highScoreScreen                        0x00100910   Section        0  main.o(i.highScoreScreen)
    i.main                                   0x0010096c   Section        0  main.o(i.main)
    i.menuScreen                             0x00100994   Section        0  main.o(i.menuScreen)
    i.optionScreen                           0x00100bd4   Section        0  main.o(i.optionScreen)
    .constdata                               0x00100c24   Section    29252  lcd.o(.constdata)
    .data                                    0x00200000   Section       20  lcd.o(.data)
    .bss                                     0x00200014   Section       96  libspace.o(.bss)
    HEAP                                     0x00200078   Section        0  sam7.o(HEAP)
    STACK                                    0x00200078   Section     1160  sam7.o(STACK)
    Heap_Mem                                 0x00200078   Data           0  sam7.o(HEAP)
    Stack_Mem                                0x00200078   Data        1024  sam7.o(STACK)
    Stack_Top                                0x00200500   Data           0  sam7.o(STACK)

    Global Symbols

    Symbol Name                              Value     Ov Type        Size  Object(Section)

    BuildAttributes$$THM_ISAv1$ARM_ISAv4$S$PE$A:L22$X:L11$S22$IEEE1$IW$USESV6$~STKCKD$USESV7$~SHL$OSPACE$ROPI$EBA8$UX$STANDARDLIB$REQ8$PRES8$EABIv2 0x00000000   Number         0  anon$$obj.o ABSOLUTE
    __ARM_use_no_argv                        0x00000000   Number         0  main.o ABSOLUTE
    __ARM_exceptions_init                     - Undefined Weak Reference
    __alloca_initialize                       - Undefined Weak Reference
    __arm_preinit_                            - Undefined Weak Reference
    __cpp_initialize__aeabi_                  - Undefined Weak Reference
    __cxa_finalize                            - Undefined Weak Reference
    __rt_locale                               - Undefined Weak Reference
    __sigvec_lookup                           - Undefined Weak Reference
    _atexit_init                              - Undefined Weak Reference
    _call_atexit_fns                          - Undefined Weak Reference
    _clock_init                               - Undefined Weak Reference
    _fp_trap_init                             - Undefined Weak Reference
    _fp_trap_shutdown                         - Undefined Weak Reference
    _get_lc_collate                           - Undefined Weak Reference
    _get_lc_ctype                             - Undefined Weak Reference
    _get_lc_monetary                          - Undefined Weak Reference
    _get_lc_numeric                           - Undefined Weak Reference
    _get_lc_time                              - Undefined Weak Reference
    _getenv_init                              - Undefined Weak Reference
    _handle_redirection                       - Undefined Weak Reference
    _init_alloc                               - Undefined Weak Reference
    _init_user_alloc                          - Undefined Weak Reference
    _initio                                   - Undefined Weak Reference
    _rand_init                                - Undefined Weak Reference
    _signal_finish                            - Undefined Weak Reference
    _signal_init                              - Undefined Weak Reference
    _terminate_alloc                          - Undefined Weak Reference
    _terminate_user_alloc                     - Undefined Weak Reference
    _terminateio                              - Undefined Weak Reference
    __main                                   0x00100000   ARM Code       8  __main.o(!!!main)
    __scatterload                            0x00100008   ARM Code       0  __scatter.o(!!!scatter)
    __scatterload_rt2                        0x00100008   ARM Code      52  __scatter.o(!!!scatter)
    __scatterload_null                       0x0010001c   ARM Code       0  __scatter.o(!!!scatter)
    __scatterload_copy                       0x00100044   ARM Code      40  __scatter_copy.o(!!handler_copy)
    __scatterload_zeroinit                   0x0010006c   ARM Code      44  __scatter_zi.o(!!handler_zi)
    Inline ARM to Thumb Veneer to __rt_lib_init 0x00100098   ARM Code       8  libinit.o(.ARM.Collect$$libinit$$00000000)
    __rt_lib_init                            0x001000a1   Thumb Code     0  libinit.o(.ARM.Collect$$libinit$$00000000)
    __rt_lib_init_alloca_1                   0x001000a3   Thumb Code     0  libinit2.o(.ARM.Collect$$libinit$$0000002E)
    __rt_lib_init_argv_1                     0x001000a3   Thumb Code     0  libinit2.o(.ARM.Collect$$libinit$$0000002C)
    __rt_lib_init_atexit_1                   0x001000a3   Thumb Code     0  libinit2.o(.ARM.Collect$$libinit$$0000001B)
    __rt_lib_init_clock_1                    0x001000a3   Thumb Code     0  libinit2.o(.ARM.Collect$$libinit$$00000021)
    __rt_lib_init_cpp_1                      0x001000a3   Thumb Code     0  libinit2.o(.ARM.Collect$$libinit$$00000032)
    __rt_lib_init_exceptions_1               0x001000a3   Thumb Code     0  libinit2.o(.ARM.Collect$$libinit$$00000030)
    __rt_lib_init_fp_1                       0x001000a3   Thumb Code     0  libinit2.o(.ARM.Collect$$libinit$$00000002)
    __rt_lib_init_fp_trap_1                  0x001000a3   Thumb Code     0  libinit2.o(.ARM.Collect$$libinit$$0000001F)
    __rt_lib_init_getenv_1                   0x001000a3   Thumb Code     0  libinit2.o(.ARM.Collect$$libinit$$00000023)
    __rt_lib_init_heap_1                     0x001000a3   Thumb Code     0  libinit2.o(.ARM.Collect$$libinit$$0000000A)
    __rt_lib_init_lc_collate_1               0x001000a3   Thumb Code     0  libinit2.o(.ARM.Collect$$libinit$$00000011)
    __rt_lib_init_lc_ctype_1                 0x001000a3   Thumb Code     0  libinit2.o(.ARM.Collect$$libinit$$00000013)
    __rt_lib_init_lc_monetary_1              0x001000a3   Thumb Code     0  libinit2.o(.ARM.Collect$$libinit$$00000015)
    __rt_lib_init_lc_numeric_1               0x001000a3   Thumb Code     0  libinit2.o(.ARM.Collect$$libinit$$00000017)
    __rt_lib_init_lc_time_1                  0x001000a3   Thumb Code     0  libinit2.o(.ARM.Collect$$libinit$$00000019)
    __rt_lib_init_preinit_1                  0x001000a3   Thumb Code     0  libinit2.o(.ARM.Collect$$libinit$$00000004)
    __rt_lib_init_rand_1                     0x001000a3   Thumb Code     0  libinit2.o(.ARM.Collect$$libinit$$0000000E)
    __rt_lib_init_return                     0x001000a3   Thumb Code     0  libinit2.o(.ARM.Collect$$libinit$$00000033)
    __rt_lib_init_signal_1                   0x001000a3   Thumb Code     0  libinit2.o(.ARM.Collect$$libinit$$0000001D)
    __rt_lib_init_stdio_1                    0x001000a3   Thumb Code     0  libinit2.o(.ARM.Collect$$libinit$$00000025)
    __rt_lib_init_user_alloc_1               0x001000a3   Thumb Code     0  libinit2.o(.ARM.Collect$$libinit$$0000000C)
    Inline ARM to Thumb Veneer to __rt_lib_shutdown 0x001000b0   ARM Code       8  libshutdown.o(.ARM.Collect$$libshutdown$$00000000)
    __rt_lib_shutdown                        0x001000b9   Thumb Code     0  libshutdown.o(.ARM.Collect$$libshutdown$$00000000)
    __rt_lib_shutdown_cpp_1                  0x001000bd   Thumb Code     0  libshutdown2.o(.ARM.Collect$$libshutdown$$00000002)
    __rt_lib_shutdown_fp_trap_1              0x001000bd   Thumb Code     0  libshutdown2.o(.ARM.Collect$$libshutdown$$00000007)
    __rt_lib_shutdown_heap_1                 0x001000bd   Thumb Code     0  libshutdown2.o(.ARM.Collect$$libshutdown$$0000000F)
    __rt_lib_shutdown_return                 0x001000bd   Thumb Code     0  libshutdown2.o(.ARM.Collect$$libshutdown$$00000010)
    __rt_lib_shutdown_signal_1               0x001000bd   Thumb Code     0  libshutdown2.o(.ARM.Collect$$libshutdown$$0000000A)
    __rt_lib_shutdown_stdio_1                0x001000bd   Thumb Code     0  libshutdown2.o(.ARM.Collect$$libshutdown$$00000004)
    __rt_lib_shutdown_user_alloc_1           0x001000bd   Thumb Code     0  libshutdown2.o(.ARM.Collect$$libshutdown$$0000000C)
    __rt_entry                               0x001000c4   ARM Code       0  __rtentry.o(.ARM.Collect$$rtentry$$00000000)
    __rt_entry_presh_1                       0x001000c4   ARM Code       0  __rtentry2.o(.ARM.Collect$$rtentry$$00000002)
    __rt_entry_sh                            0x001000c4   ARM Code       0  __rtentry4.o(.ARM.Collect$$rtentry$$00000004)
    __rt_entry_li                            0x001000cc   ARM Code       0  __rtentry2.o(.ARM.Collect$$rtentry$$0000000A)
    __rt_entry_postsh_1                      0x001000cc   ARM Code       0  __rtentry2.o(.ARM.Collect$$rtentry$$00000009)
    __rt_entry_main                          0x001000d0   ARM Code       0  __rtentry2.o(.ARM.Collect$$rtentry$$0000000D)
    __rt_entry_postli_1                      0x001000d0   ARM Code       0  __rtentry2.o(.ARM.Collect$$rtentry$$0000000C)
    Inline Thumb to ARM Veneer to __rt_exit  0x001000f9   Thumb Code     4  rtexit.o(.ARM.Collect$$rtexit$$00000000)
    __rt_exit                                0x001000fc   ARM Code       0  rtexit.o(.ARM.Collect$$rtexit$$00000000)
    __rt_exit_ls                             0x00100100   ARM Code       0  rtexit2.o(.ARM.Collect$$rtexit$$00000003)
    __rt_exit_prels_1                        0x00100100   ARM Code       0  rtexit2.o(.ARM.Collect$$rtexit$$00000002)
    __rt_exit_exit                           0x00100104   ARM Code       0  rtexit2.o(.ARM.Collect$$rtexit$$00000004)
    __user_initial_stackheap                 0x0010010c   ARM Code       0  sam7.o(.text)
    __use_two_region_memory                  0x0010012d   Thumb Code     2  heapauxi.o(.text)
    __rt_heap_escrow$2region                 0x0010012f   Thumb Code     2  heapauxi.o(.text)
    __rt_heap_expand$2region                 0x00100131   Thumb Code     2  heapauxi.o(.text)
    __user_setup_stackheap                   0x00100134   ARM Code      96  sys_stackheap_outer.o(.text)
    exit                                     0x00100195   Thumb Code    20  exit.o(.text)
    __user_libspace                          0x001001a8   ARM Code      12  libspace.o(.text)
    __user_perproc_libspace                  0x001001a8   ARM Code       0  libspace.o(.text)
    __user_perthread_libspace                0x001001a8   ARM Code       0  libspace.o(.text)
    Inline ARM to Thumb Veneer to _sys_exit  0x001001b4   ARM Code       8  sys_exit.o(.text)
    _sys_exit                                0x001001bd   Thumb Code     8  sys_exit.o(.text)
    __I$use$semihosting                      0x001001c8   ARM Code       0  use_no_semi.o(.text)
    __use_no_semihosting_swi                 0x001001c8   ARM Code       4  use_no_semi.o(.text)
    LCDClearScreen                           0x001001cc   ARM Code     116  lcd.o(i.LCDClearScreen)
    __semihosting_library_function           0x001001cc   ARM Code       0  indicate_semi.o(.text)
    LCDPutChar                               0x00100244   ARM Code     348  lcd.o(i.LCDPutChar)
    LCDPutStr                                0x001003a4   ARM Code     128  lcd.o(i.LCDPutStr)
    LCDSetLine                               0x00100424   ARM Code     240  lcd.o(i.LCDSetLine)
    LCDSetPixel                              0x00100514   ARM Code     116  lcd.o(i.LCDSetPixel)
    LCDSetRect                               0x00100588   ARM Code     392  lcd.o(i.LCDSetRect)
    LCDWrite130x130bmp                       0x00100710   ARM Code     184  lcd.o(i.LCDWrite130x130bmp)
    WriteSpiCommand                          0x001007d0   ARM Code      68  lcd.o(i.WriteSpiCommand)
    WriteSpiData                             0x00100818   ARM Code      68  lcd.o(i.WriteSpiData)
    gameScreen                               0x00100860   ARM Code      72  main.o(i.gameScreen)
    helloScreen                              0x001008ac   ARM Code      92  main.o(i.helloScreen)
    highScoreScreen                          0x00100910   ARM Code      72  main.o(i.highScoreScreen)
    main                                     0x0010096c   ARM Code      40  main.o(i.main)
    menuScreen                               0x00100994   ARM Code     520  main.o(i.menuScreen)
    optionScreen                             0x00100bd4   ARM Code      72  main.o(i.optionScreen)
    bmp                                      0x00100c24   Data       26136  lcd.o(.constdata)
    FONT6x8                                  0x0010723c   Data         776  lcd.o(.constdata)
    FONT8x8                                  0x00107544   Data         776  lcd.o(.constdata)
    FONT8x16                                 0x0010784c   Data        1552  lcd.o(.constdata)
    Region$$Table$$Base                      0x00107e68   Number         0  anon$$obj.o(Region$$Table)
    Region$$Table$$Limit                     0x00107e88   Number         0  anon$$obj.o(Region$$Table)
    pPIOA                                    0x00200000   Data           4  lcd.o(.data)
    pPIOB                                    0x00200004   Data           4  lcd.o(.data)
    pSPI                                     0x00200008   Data           4  lcd.o(.data)
    pPMC                                     0x0020000c   Data           4  lcd.o(.data)
    pPDC                                     0x00200010   Data           4  lcd.o(.data)
    __libspace_start                         0x00200014   Data          96  libspace.o(.bss)
    __temporary_stack_top$libspace           0x00200074   Data           0  libspace.o(.bss)



==============================================================================

Memory Map of the image

  Image Entry point : 0x00100000

  Load Region LR_1 (Base: 0x00100000, Size: 0x00007e9c, Max: 0xffffffff, ABSOLUTE)

    Execution Region ER_RO (Base: 0x00100000, Size: 0x00007e88, Max: 0xffffffff, ABSOLUTE)

    Base Addr    Size         Type   Attr      Idx    E Section Name        Object

    0x00100000   0x00000008   Code   RO          234  * !!!main             c_t.l(__main.o)
    0x00100008   0x0000003c   Code   RO          393    !!!scatter          c_t.l(__scatter.o)
    0x00100044   0x00000028   Code   RO          395    !!handler_copy      c_t.l(__scatter_copy.o)
    0x0010006c   0x0000002c   Code   RO          397    !!handler_zi        c_t.l(__scatter_zi.o)
    0x00100098   0x00000008   Ven    RO          261    .ARM.Collect$$libinit$$00000000  c_t.l(libinit.o)
    0x001000a0   0x00000002   Code   RO          261    .ARM.Collect$$libinit$$00000000  c_t.l(libinit.o)
    0x001000a2   0x00000000   Code   RO          268    .ARM.Collect$$libinit$$00000002  c_t.l(libinit2.o)
    0x001000a2   0x00000000   Code   RO          270    .ARM.Collect$$libinit$$00000004  c_t.l(libinit2.o)
    0x001000a2   0x00000000   Code   RO          273    .ARM.Collect$$libinit$$0000000A  c_t.l(libinit2.o)
    0x001000a2   0x00000000   Code   RO          275    .ARM.Collect$$libinit$$0000000C  c_t.l(libinit2.o)
    0x001000a2   0x00000000   Code   RO          277    .ARM.Collect$$libinit$$0000000E  c_t.l(libinit2.o)
    0x001000a2   0x00000000   Code   RO          280    .ARM.Collect$$libinit$$00000011  c_t.l(libinit2.o)
    0x001000a2   0x00000000   Code   RO          282    .ARM.Collect$$libinit$$00000013  c_t.l(libinit2.o)
    0x001000a2   0x00000000   Code   RO          284    .ARM.Collect$$libinit$$00000015  c_t.l(libinit2.o)
    0x001000a2   0x00000000   Code   RO          286    .ARM.Collect$$libinit$$00000017  c_t.l(libinit2.o)
    0x001000a2   0x00000000   Code   RO          288    .ARM.Collect$$libinit$$00000019  c_t.l(libinit2.o)
    0x001000a2   0x00000000   Code   RO          290    .ARM.Collect$$libinit$$0000001B  c_t.l(libinit2.o)
    0x001000a2   0x00000000   Code   RO          292    .ARM.Collect$$libinit$$0000001D  c_t.l(libinit2.o)
    0x001000a2   0x00000000   Code   RO          294    .ARM.Collect$$libinit$$0000001F  c_t.l(libinit2.o)
    0x001000a2   0x00000000   Code   RO          296    .ARM.Collect$$libinit$$00000021  c_t.l(libinit2.o)
    0x001000a2   0x00000000   Code   RO          298    .ARM.Collect$$libinit$$00000023  c_t.l(libinit2.o)
    0x001000a2   0x00000000   Code   RO          300    .ARM.Collect$$libinit$$00000025  c_t.l(libinit2.o)
    0x001000a2   0x00000000   Code   RO          304    .ARM.Collect$$libinit$$0000002C  c_t.l(libinit2.o)
    0x001000a2   0x00000000   Code   RO          306    .ARM.Collect$$libinit$$0000002E  c_t.l(libinit2.o)
    0x001000a2   0x00000000   Code   RO          308    .ARM.Collect$$libinit$$00000030  c_t.l(libinit2.o)
    0x001000a2   0x00000000   Code   RO          310    .ARM.Collect$$libinit$$00000032  c_t.l(libinit2.o)
    0x001000a2   0x0000000c   Code   RO          311    .ARM.Collect$$libinit$$00000033  c_t.l(libinit2.o)
    0x001000ae   0x00000002   PAD
    0x001000b0   0x00000008   Ven    RO          331    .ARM.Collect$$libshutdown$$00000000  c_t.l(libshutdown.o)
    0x001000b8   0x00000004   Code   RO          331    .ARM.Collect$$libshutdown$$00000000  c_t.l(libshutdown.o)
    0x001000bc   0x00000000   Code   RO          344    .ARM.Collect$$libshutdown$$00000002  c_t.l(libshutdown2.o)
    0x001000bc   0x00000000   Code   RO          346    .ARM.Collect$$libshutdown$$00000004  c_t.l(libshutdown2.o)
    0x001000bc   0x00000000   Code   RO          349    .ARM.Collect$$libshutdown$$00000007  c_t.l(libshutdown2.o)
    0x001000bc   0x00000000   Code   RO          352    .ARM.Collect$$libshutdown$$0000000A  c_t.l(libshutdown2.o)
    0x001000bc   0x00000000   Code   RO          354    .ARM.Collect$$libshutdown$$0000000C  c_t.l(libshutdown2.o)
    0x001000bc   0x00000000   Code   RO          357    .ARM.Collect$$libshutdown$$0000000F  c_t.l(libshutdown2.o)
    0x001000bc   0x00000006   Code   RO          358    .ARM.Collect$$libshutdown$$00000010  c_t.l(libshutdown2.o)
    0x001000c2   0x00000002   PAD
    0x001000c4   0x00000000   Code   RO          236    .ARM.Collect$$rtentry$$00000000  c_t.l(__rtentry.o)
    0x001000c4   0x00000000   Code   RO          238    .ARM.Collect$$rtentry$$00000002  c_t.l(__rtentry2.o)
    0x001000c4   0x00000008   Code   RO          250    .ARM.Collect$$rtentry$$00000004  c_t.l(__rtentry4.o)
    0x001000cc   0x00000000   Code   RO          240    .ARM.Collect$$rtentry$$00000009  c_t.l(__rtentry2.o)
    0x001000cc   0x00000004   Code   RO          241    .ARM.Collect$$rtentry$$0000000A  c_t.l(__rtentry2.o)
    0x001000d0   0x00000000   Code   RO          243    .ARM.Collect$$rtentry$$0000000C  c_t.l(__rtentry2.o)
    0x001000d0   0x00000028   Code   RO          244    .ARM.Collect$$rtentry$$0000000D  c_t.l(__rtentry2.o)
    0x001000f8   0x00000004   Ven    RO          265    .ARM.Collect$$rtexit$$00000000  c_t.l(rtexit.o)
    0x001000fc   0x00000004   Code   RO          265    .ARM.Collect$$rtexit$$00000000  c_t.l(rtexit.o)
    0x00100100   0x00000000   Code   RO          313    .ARM.Collect$$rtexit$$00000002  c_t.l(rtexit2.o)
    0x00100100   0x00000004   Code   RO          314    .ARM.Collect$$rtexit$$00000003  c_t.l(rtexit2.o)
    0x00100104   0x00000008   Code   RO          315    .ARM.Collect$$rtexit$$00000004  c_t.l(rtexit2.o)
    0x0010010c   0x00000020   Code   RO            4    .text               sam7.o
    0x0010012c   0x00000006   Code   RO          232    .text               c_t.l(heapauxi.o)
    0x00100132   0x00000002   PAD
    0x00100134   0x00000060   Code   RO          252    .text               c_t.l(sys_stackheap_outer.o)
    0x00100194   0x00000014   Code   RO          254    .text               c_t.l(exit.o)
    0x001001a8   0x0000000c   Code   RO          262    .text               c_t.l(libspace.o)
    0x001001b4   0x00000008   Ven    RO          323    .text               c_t.l(sys_exit.o)
    0x001001bc   0x0000000c   Code   RO          323    .text               c_t.l(sys_exit.o)
    0x001001c8   0x00000004   Code   RO          334    .text               c_t.l(use_no_semi.o)
    0x001001cc   0x00000000   Code   RO          336    .text               c_t.l(indicate_semi.o)
    0x001001cc   0x00000078   Code   RO          141    i.LCDClearScreen    lcd.o
    0x00100244   0x00000160   Code   RO          142    i.LCDPutChar        lcd.o
    0x001003a4   0x00000080   Code   RO          143    i.LCDPutStr         lcd.o
    0x00100424   0x000000f0   Code   RO          145    i.LCDSetLine        lcd.o
    0x00100514   0x00000074   Code   RO          146    i.LCDSetPixel       lcd.o
    0x00100588   0x00000188   Code   RO          147    i.LCDSetRect        lcd.o
    0x00100710   0x000000c0   Code   RO          148    i.LCDWrite130x130bmp  lcd.o
    0x001007d0   0x00000048   Code   RO          149    i.WriteSpiCommand   lcd.o
    0x00100818   0x00000048   Code   RO          150    i.WriteSpiData      lcd.o
    0x00100860   0x0000004c   Code   RO           11    i.gameScreen        main.o
    0x001008ac   0x00000064   Code   RO           12    i.helloScreen       main.o
    0x00100910   0x0000005c   Code   RO           13    i.highScoreScreen   main.o
    0x0010096c   0x00000028   Code   RO           14    i.main              main.o
    0x00100994   0x00000240   Code   RO           15    i.menuScreen        main.o
    0x00100bd4   0x00000050   Code   RO           16    i.optionScreen      main.o
    0x00100c24   0x00007244   Data   RO          151    .constdata          lcd.o
    0x00107e68   0x00000020   Data   RO          391    Region$$Table       anon$$obj.o


    Execution Region ER_RW (Base: 0x00200000, Size: 0x00000014, Max: 0xffffffff, ABSOLUTE)

    Base Addr    Size         Type   Attr      Idx    E Section Name        Object

    0x00200000   0x00000014   Data   RW          152    .data               lcd.o


    Execution Region ER_ZI (Base: 0x00200014, Size: 0x000004ec, Max: 0xffffffff, ABSOLUTE)

    Base Addr    Size         Type   Attr      Idx    E Section Name        Object

    0x00200014   0x00000060   Zero   RW          263    .bss                c_t.l(libspace.o)
    0x00200074   0x00000004   PAD
    0x00200078   0x00000000   Zero   RW            2    HEAP                sam7.o
    0x00200078   0x00000488   Zero   RW            1    STACK               sam7.o


==============================================================================

Image component sizes


      Code (inc. data)   RO Data    RW Data    ZI Data      Debug   Object Name

      1684         24      29252         20          0      79266   lcd.o
       964         96          0          0          0       3972   main.o
        32         12          0          0       1160        228   sam7.o

    ----------------------------------------------------------------------
      2680        132      29284         20       1160      83466   Object Totals
         0          0         32          0          0          0   (incl. Generated)
         0          0          0          0          0          0   (incl. Padding)

    ----------------------------------------------------------------------

      Code (inc. data)   RO Data    RW Data    ZI Data      Debug   Library Member Name

         8          0          0          0          0         68   __main.o
         0          0          0          0          0          0   __rtentry.o
        44          4          0          0          0          0   __rtentry2.o
         8          0          0          0          0          0   __rtentry4.o
        60          8          0          0          0          0   __scatter.o
        40          0          0          0          0          0   __scatter_copy.o
        44          0          0          0          0          0   __scatter_zi.o
        20          0          0          0          0         80   exit.o
         6          0          0          0          0        136   heapauxi.o
         0          0          0          0          0          0   indicate_semi.o
        10          0          0          0          0          0   libinit.o
        12          0          0          0          0          0   libinit2.o
        12          0          0          0          0          0   libshutdown.o
         6          0          0          0          0          0   libshutdown2.o
        12          4          0          0         96         68   libspace.o
         8          0          0          0          0          0   rtexit.o
        12          0          0          0          0          0   rtexit2.o
        20          4          0          0          0         60   sys_exit.o
        96          0          0          0          0         80   sys_stackheap_outer.o
         4          0          0          0          0         68   use_no_semi.o

    ----------------------------------------------------------------------
       428         20          0          0        100        560   Library Totals
         6          0          0          0          4          0   (incl. Padding)

    ----------------------------------------------------------------------

      Code (inc. data)   RO Data    RW Data    ZI Data      Debug   Library Name

       422         20          0          0         96        560   c_t.l

    ----------------------------------------------------------------------
       428         20          0          0        100        560   Library Totals

    ----------------------------------------------------------------------

==============================================================================


      Code (inc. data)   RO Data    RW Data    ZI Data      Debug   

      3108        152      29284         20       1260      83362   Grand Totals
      3108        152      29284         20       1260      83362   ELF Image Totals
      3108        152      29284         20          0          0   ROM Totals

==============================================================================

    Total RO  Size (Code + RO Data)                32392 (  31.63kB)
    Total RW  Size (RW Data + ZI Data)              1280 (   1.25kB)
    Total ROM Size (Code + RO Data + RW Data)      32412 (  31.65kB)

==============================================================================

