<html>
<body>
<pre>
<h1>µVision Build Log</h1>
<h2>Project:</h2>
C:\Dane\SVN dydaktyka\Mechatronika\SWwUS\wyklady\przyklady do wykladu\ARM-SAM7X-256_Example5 - IRQ - Timer i PIO\PROJECT_ARM.uvproj
Project File Date:  11/25/2014

<h2>Output:</h2>
Build target 'SAM7X Flash - ULINK'
Clean started - Project: 'PROJECT_ARM'
   deleting intermediate output files for target 'SAM7X Flash - ULINK'
assembling SAM7.s...
compiling Retarget.c...
compiling main_code.c...
compiling delay.c...
compiling lcd.c...
linking...
Program Size: Code=3796 RO-data=3148 RW-data=28 ZI-data=1260  
".\Flash\PROJECT_ARM.axf" - 0 Error(s), 0 Warning(s).

*** Performing Cross-Module-Optimization:
compiling Retarget.c...
compiling main_code.c...
compiling delay.c...
compiling lcd.c...
linking...
Program Size: Code=3432 RO-data=3148 RW-data=28 ZI-data=1260  
compiling Retarget.c...
compiling main_code.c...
compiling delay.c...
compiling lcd.c...
linking...
Program Size: Code=3432 RO-data=3148 RW-data=28 ZI-data=1260  
FromELF: creating hex file...
".\Flash\PROJECT_ARM.axf" - 0 Error(s), 0 Warning(s).
*** Completed Cross-Module-Optimization after 3 iteration(s).
Load "C:\\Dane\\SVN dydaktyka\\Mechatronika\\SWwUS\\wyklady\\przyklady do wykladu\\ARM-SAM7X-256_Example5 - IRQ - Timer i PIO\\Flash\\PROJECT_ARM.axf" 
Erase Done.
Programming Done.
Verify OK.
Application running ...
