<html>
<body>
<pre>
<h1>µVision Build Log</h1>
<h2>Tool Versions:</h2>
IDE-Version: µVision V5.21.1.0
Copyright (C) 2016 ARM Ltd and ARM Germany GmbH. All rights reserved.
License Information: K P, Student, LIC=----
 
Tool Versions:
Toolchain:       MDK-Lite  Version: 5.21a
Toolchain Path:  F:\Keil_v5\ARM\ARMCC\Bin
C Compiler:      Armcc.exe V5.06 update 3 (build 300)
Assembler:       Armasm.exe V5.06 update 3 (build 300)
Linker/Locator:  ArmLink.exe V5.06 update 3 (build 300)
Library Manager: ArmAr.exe V5.06 update 3 (build 300)
Hex Converter:   FromElf.exe V5.06 update 3 (build 300)
CPU DLL:         SARM.DLL V5.21a
Dialog DLL:      DARMATS.DLL V1.21.0.0
Target DLL:      UL2ARM.DLL V1.74.9.0
Dialog DLL:      TARMATS.DLL V1.21.0.0
 
<h2>Project:</h2>
E:\Projekty\Systemy Wbudowane\_Examples\ARM-SAM7X-256_Example5 - IRQ - Timer i PIO\PROJECT_ARM.uvproj
Project File Date:  12/10/2014

<h2>Output:</h2>
*** Using Compiler 'V5.06 update 3 (build 300)', folder: 'F:\Keil_v5\ARM\ARMCC\Bin'
Build target 'SAM7X Flash - ULINK'
Clean started - Project: 'PROJECT_ARM'
   deleting intermediate output files for target 'SAM7X Flash - ULINK'
assembling SAM7.s...
compiling Retarget.c...
compiling main_code.c...
compiling delay.c...
compiling lcd.c...
linking...
Program Size: Code=3796 RO-data=3148 RW-data=28 ZI-data=1260  
".\Flash\PROJECT_ARM.axf" - 0 Error(s), 0 Warning(s).

*** Performing Cross-Module-Optimization:
compiling Retarget.c...
compiling main_code.c...
compiling delay.c...
compiling lcd.c...
linking...
Program Size: Code=3432 RO-data=3148 RW-data=28 ZI-data=1260  
compiling Retarget.c...
compiling main_code.c...
compiling delay.c...
compiling lcd.c...
linking...
Program Size: Code=3432 RO-data=3148 RW-data=28 ZI-data=1260  
FromELF: creating hex file...
".\Flash\PROJECT_ARM.axf" - 0 Error(s), 0 Warning(s).
*** Completed Cross-Module-Optimization after 3 iteration(s).
Build Time Elapsed:  00:00:07
</pre>
</body>
</html>
