<html>
<body>
<pre>
<h1>µVision Build Log</h1>
<h2>Project:</h2>
E:\Dane\Dokumenty\SVN dydaktyka\Mechatronika\SWwUS\wyklady\przyklady do wykladu\ARM-SAM7X-256_Example0 - HelloWorld\Example0.uvproj
Project File Date:  10/06/2014

<h2>Output:</h2>
Build target 'SAM7X RAM - ULINK'
Clean started - Project: 'Example0'
   deleting intermediate output files for target 'SAM7X RAM - ULINK'
assembling SAM7.s...
compiling Retarget.c...
compiling main_code.c...
main_code.c(10): warning:  #951-D: return type of function "main" must be "int"
  void main (void) {
main_code.c: 1 warning, 0 errors
linking...
Program Size: Code=536 RO-data=32 RW-data=4 ZI-data=1164  
".\RAM\Example0.axf" - 0 Error(s), 1 Warning(s).

*** Performing Cross-Module-Optimization:
compiling Retarget.c...
linking...
Program Size: Code=536 RO-data=32 RW-data=4 ZI-data=1164  
FromELF: creating hex file...
".\RAM\Example0.axf" - 0 Error(s), 0 Warning(s).
*** Completed Cross-Module-Optimization after 2 iteration(s).
</pre>
</body>
</html>
