<html>
<body>
<pre>
<h1>µVision Build Log</h1>
<h2>Project:</h2>
E:\Dane\Doc\Dydaktyka\dydaktyka svn\Mechatronika\SWwUS\wyklady\przyklady do wykladu\ARM-SAM7X-256_Example0 - Simple program\Example0.uvproj
Project File Date:  10/06/2014

<h2>Output:</h2>
Build target 'SAM7X RAM - ULINK'
Clean started - Project: 'Example0'
   deleting intermediate output files for target 'SAM7X RAM - ULINK'
assembling SAM7.s...
compiling Retarget.c...
compiling main_code.c...
linking...
Program Size: Code=532 RO-data=32 RW-data=4 ZI-data=1164  
".\RAM\PROJECT_ARM.axf" - 0 Error(s), 0 Warning(s).

*** Performing Cross-Module-Optimization:
compiling Retarget.c...
linking...
Program Size: Code=532 RO-data=32 RW-data=4 ZI-data=1164  
".\RAM\PROJECT_ARM.axf" - 0 Error(s), 0 Warning(s).
*** Completed Cross-Module-Optimization after 2 iteration(s).
